<!doctype html public "-//w3c//dtd html 4.0 transitional//en">
<html><head>
<title>Static Call Graph - [..\OBJ\test.axf]</title></head>
<body><HR>
<H1>Static Call Graph for image ..\OBJ\test.axf</H1><HR>
<BR><P>#&#060CALLGRAPH&#062# ARM Linker, 5060960: Last Updated: Fri Dec 23 11:14:45 2022
<BR><P>
<H3>Maximum Stack Usage =       1016 bytes + Unknown(Functions without stacksize, Cycles, Untraceable Function Pointers)</H3><H3>
Call chain for Maximum Stack Depth:</H3>
main_task &rArr; sms_play &rArr; sms_send_sms &rArr; t9_check &rArr; t9_process &rArr; t9_pinyin_process &rArr; t9_vbtn_process &rArr; t9_draw &rArr; t9_draw_vbtn &rArr; btn_draw &rArr; btn_draw_picbtn &rArr; minibmp_decode &rArr; f_open &rArr; dir_register &rArr; dir_find &rArr; dir_next &rArr; create_chain &rArr; put_fat &rArr; move_window &rArr; sync_window &rArr; disk_write &rArr; SD_WriteDisk &rArr; SD_WriteMultiBlocks &rArr; SD_Init &rArr; SD_EnableWideBusOperation &rArr; SDEnWideBus &rArr; FindSCR &rArr; CmdResp1Error
<P>
<H3>
Functions with no stack information
</H3><UL>
 <LI><a href="#[121]">__user_initial_stackheap</a>
 <LI><a href="#[21a]">OS_CPU_SR_Save</a>
 <LI><a href="#[21d]">OS_CPU_SR_Restore</a>
 <LI><a href="#[222]">OSStartHighRdy</a>
 <LI><a href="#[234]">OSCtxSw</a>
 <LI><a href="#[21c]">OSIntCtxSw</a>
 <LI><a href="#[40]">PendSV_Handler</a>
</UL>
</UL>
<P>
<H3>
Mutually Recursive functions
</H3> <LI><a href="#[39]">NMI_Handler</a>&nbsp;&nbsp;&nbsp;&rArr;&nbsp;&nbsp;&nbsp;<a href="#[39]">NMI_Handler</a><BR>
 <LI><a href="#[3b]">MemManage_Handler</a>&nbsp;&nbsp;&nbsp;&rArr;&nbsp;&nbsp;&nbsp;<a href="#[3b]">MemManage_Handler</a><BR>
 <LI><a href="#[3c]">BusFault_Handler</a>&nbsp;&nbsp;&nbsp;&rArr;&nbsp;&nbsp;&nbsp;<a href="#[3c]">BusFault_Handler</a><BR>
 <LI><a href="#[3d]">UsageFault_Handler</a>&nbsp;&nbsp;&nbsp;&rArr;&nbsp;&nbsp;&nbsp;<a href="#[3d]">UsageFault_Handler</a><BR>
 <LI><a href="#[3e]">SVC_Handler</a>&nbsp;&nbsp;&nbsp;&rArr;&nbsp;&nbsp;&nbsp;<a href="#[3e]">SVC_Handler</a><BR>
 <LI><a href="#[3f]">DebugMon_Handler</a>&nbsp;&nbsp;&nbsp;&rArr;&nbsp;&nbsp;&nbsp;<a href="#[3f]">DebugMon_Handler</a><BR>
 <LI><a href="#[54]">ADC1_2_IRQHandler</a>&nbsp;&nbsp;&nbsp;&rArr;&nbsp;&nbsp;&nbsp;<a href="#[54]">ADC1_2_IRQHandler</a><BR>
 <LI><a href="#[329]">exf_fdsize</a>&nbsp;&nbsp;&nbsp;&rArr;&nbsp;&nbsp;&nbsp;<a href="#[329]">exf_fdsize</a><BR>
 <LI><a href="#[32b]">exf_fdcopy</a>&nbsp;&nbsp;&nbsp;&rArr;&nbsp;&nbsp;&nbsp;<a href="#[32b]">exf_fdcopy</a><BR>
 <LI><a href="#[2f3]">app_get_numlen</a>&nbsp;&nbsp;&nbsp;&rArr;&nbsp;&nbsp;&nbsp;<a href="#[2f3]">app_get_numlen</a><BR>
 <LI><a href="#[477]">set_search_caption</a>&nbsp;&nbsp;&nbsp;&rArr;&nbsp;&nbsp;&nbsp;<a href="#[477]">set_search_caption</a><BR>
 <LI><a href="#[d9]">QuickSort</a>&nbsp;&nbsp;&nbsp;&rArr;&nbsp;&nbsp;&nbsp;<a href="#[d9]">QuickSort</a><BR>
 <LI><a href="#[4c9]">usmart_strcmp</a>&nbsp;&nbsp;&nbsp;&rArr;&nbsp;&nbsp;&nbsp;<a href="#[4c9]">usmart_strcmp</a><BR>
 <LI><a href="#[4d2]">usmart_strcopy</a>&nbsp;&nbsp;&nbsp;&rArr;&nbsp;&nbsp;&nbsp;<a href="#[4d2]">usmart_strcopy</a><BR>
 <LI><a href="#[4ce]">usmart_search_nextc</a>&nbsp;&nbsp;&nbsp;&rArr;&nbsp;&nbsp;&nbsp;<a href="#[4ce]">usmart_search_nextc</a><BR>
</UL>
<P>
<H3>
Function Pointers
</H3><UL>
 <LI><a href="#[54]">ADC1_2_IRQHandler</a> from startup_stm32f10x_hd.o(.text) referenced from startup_stm32f10x_hd.o(RESET)
 <LI><a href="#[71]">ADC3_IRQHandler</a> from startup_stm32f10x_hd.o(.text) referenced from startup_stm32f10x_hd.o(RESET)
 <LI><a href="#[3c]">BusFault_Handler</a> from startup_stm32f10x_hd.o(.text) referenced from startup_stm32f10x_hd.o(RESET)
 <LI><a href="#[57]">CAN1_RX1_IRQHandler</a> from startup_stm32f10x_hd.o(.text) referenced from startup_stm32f10x_hd.o(RESET)
 <LI><a href="#[58]">CAN1_SCE_IRQHandler</a> from startup_stm32f10x_hd.o(.text) referenced from startup_stm32f10x_hd.o(RESET)
 <LI><a href="#[4d]">DMA1_Channel1_IRQHandler</a> from startup_stm32f10x_hd.o(.text) referenced from startup_stm32f10x_hd.o(RESET)
 <LI><a href="#[4e]">DMA1_Channel2_IRQHandler</a> from startup_stm32f10x_hd.o(.text) referenced from startup_stm32f10x_hd.o(RESET)
 <LI><a href="#[4f]">DMA1_Channel3_IRQHandler</a> from startup_stm32f10x_hd.o(.text) referenced from startup_stm32f10x_hd.o(RESET)
 <LI><a href="#[50]">DMA1_Channel4_IRQHandler</a> from startup_stm32f10x_hd.o(.text) referenced from startup_stm32f10x_hd.o(RESET)
 <LI><a href="#[51]">DMA1_Channel5_IRQHandler</a> from startup_stm32f10x_hd.o(.text) referenced from startup_stm32f10x_hd.o(RESET)
 <LI><a href="#[52]">DMA1_Channel6_IRQHandler</a> from startup_stm32f10x_hd.o(.text) referenced from startup_stm32f10x_hd.o(RESET)
 <LI><a href="#[53]">DMA1_Channel7_IRQHandler</a> from startup_stm32f10x_hd.o(.text) referenced from startup_stm32f10x_hd.o(RESET)
 <LI><a href="#[7a]">DMA2_Channel1_IRQHandler</a> from startup_stm32f10x_hd.o(.text) referenced from startup_stm32f10x_hd.o(RESET)
 <LI><a href="#[7b]">DMA2_Channel2_IRQHandler</a> from startup_stm32f10x_hd.o(.text) referenced from startup_stm32f10x_hd.o(RESET)
 <LI><a href="#[7c]">DMA2_Channel3_IRQHandler</a> from startup_stm32f10x_hd.o(.text) referenced from startup_stm32f10x_hd.o(RESET)
 <LI><a href="#[7d]">DMA2_Channel4_5_IRQHandler</a> from startup_stm32f10x_hd.o(.text) referenced from startup_stm32f10x_hd.o(RESET)
 <LI><a href="#[3f]">DebugMon_Handler</a> from startup_stm32f10x_hd.o(.text) referenced from startup_stm32f10x_hd.o(RESET)
 <LI><a href="#[28]">EP1_IN_Callback</a> from usb_endp.o(i.EP1_IN_Callback) referenced 2 times from usb_istr.o(.data)
 <LI><a href="#[2a]">EP2_OUT_Callback</a> from usb_endp.o(i.EP2_OUT_Callback) referenced 2 times from usb_istr.o(.data)
 <LI><a href="#[48]">EXTI0_IRQHandler</a> from exti.o(i.EXTI0_IRQHandler) referenced from startup_stm32f10x_hd.o(RESET)
 <LI><a href="#[6a]">EXTI15_10_IRQHandler</a> from startup_stm32f10x_hd.o(.text) referenced from startup_stm32f10x_hd.o(RESET)
 <LI><a href="#[49]">EXTI1_IRQHandler</a> from startup_stm32f10x_hd.o(.text) referenced from startup_stm32f10x_hd.o(RESET)
 <LI><a href="#[4a]">EXTI2_IRQHandler</a> from exti.o(i.EXTI2_IRQHandler) referenced from startup_stm32f10x_hd.o(RESET)
 <LI><a href="#[4b]">EXTI3_IRQHandler</a> from exti.o(i.EXTI3_IRQHandler) referenced from startup_stm32f10x_hd.o(RESET)
 <LI><a href="#[4c]">EXTI4_IRQHandler</a> from exti.o(i.EXTI4_IRQHandler) referenced from startup_stm32f10x_hd.o(RESET)
 <LI><a href="#[59]">EXTI9_5_IRQHandler</a> from exti.o(i.EXTI9_5_IRQHandler) referenced from startup_stm32f10x_hd.o(RESET)
 <LI><a href="#[46]">FLASH_IRQHandler</a> from startup_stm32f10x_hd.o(.text) referenced from startup_stm32f10x_hd.o(RESET)
 <LI><a href="#[72]">FSMC_IRQHandler</a> from startup_stm32f10x_hd.o(.text) referenced from startup_stm32f10x_hd.o(RESET)
 <LI><a href="#[90]">FT5206_Scan</a> from ft5206.o(i.FT5206_Scan) referenced from touch.o(i.TP_Init)
 <LI><a href="#[8f]">GT9147_Scan</a> from gt9147.o(i.GT9147_Scan) referenced from touch.o(i.TP_Init)
 <LI><a href="#[8b]">Get_Max_Lun</a> from usb_prop.o(i.Get_Max_Lun) referenced from usb_prop.o(i.MASS_Data_Setup)
 <LI><a href="#[3a]">HardFault_Handler</a> from main.o(i.HardFault_Handler) referenced from startup_stm32f10x_hd.o(RESET)
 <LI><a href="#[62]">I2C1_ER_IRQHandler</a> from startup_stm32f10x_hd.o(.text) referenced from startup_stm32f10x_hd.o(RESET)
 <LI><a href="#[61]">I2C1_EV_IRQHandler</a> from startup_stm32f10x_hd.o(.text) referenced from startup_stm32f10x_hd.o(RESET)
 <LI><a href="#[64]">I2C2_ER_IRQHandler</a> from startup_stm32f10x_hd.o(.text) referenced from startup_stm32f10x_hd.o(RESET)
 <LI><a href="#[63]">I2C2_EV_IRQHandler</a> from startup_stm32f10x_hd.o(.text) referenced from startup_stm32f10x_hd.o(RESET)
 <LI><a href="#[94]">LCD_Color_Fill</a> from lcd.o(i.LCD_Color_Fill) referenced from gui.o(i.gui_init)
 <LI><a href="#[92]">LCD_Fast_DrawPoint</a> from lcd.o(i.LCD_Fast_DrawPoint) referenced from gui.o(i.gui_init)
 <LI><a href="#[92]">LCD_Fast_DrawPoint</a> from lcd.o(i.LCD_Fast_DrawPoint) referenced from piclib.o(i.piclib_init)
 <LI><a href="#[93]">LCD_Fill</a> from lcd.o(i.LCD_Fill) referenced from gui.o(i.gui_init)
 <LI><a href="#[93]">LCD_Fill</a> from lcd.o(i.LCD_Fill) referenced from piclib.o(i.piclib_init)
 <LI><a href="#[91]">LCD_ReadPoint</a> from lcd.o(i.LCD_ReadPoint) referenced from gui.o(i.gui_init)
 <LI><a href="#[91]">LCD_ReadPoint</a> from lcd.o(i.LCD_ReadPoint) referenced from piclib.o(i.piclib_init)
 <LI><a href="#[2f]">MASS_Data_Setup</a> from usb_prop.o(i.MASS_Data_Setup) referenced 2 times from usb_prop.o(.data)
 <LI><a href="#[33]">MASS_GetConfigDescriptor</a> from usb_prop.o(i.MASS_GetConfigDescriptor) referenced 2 times from usb_prop.o(.data)
 <LI><a href="#[32]">MASS_GetDeviceDescriptor</a> from usb_prop.o(i.MASS_GetDeviceDescriptor) referenced 2 times from usb_prop.o(.data)
 <LI><a href="#[34]">MASS_GetStringDescriptor</a> from usb_prop.o(i.MASS_GetStringDescriptor) referenced 2 times from usb_prop.o(.data)
 <LI><a href="#[31]">MASS_Get_Interface_Setting</a> from usb_prop.o(i.MASS_Get_Interface_Setting) referenced 2 times from usb_prop.o(.data)
 <LI><a href="#[30]">MASS_NoData_Setup</a> from usb_prop.o(i.MASS_NoData_Setup) referenced 2 times from usb_prop.o(.data)
 <LI><a href="#[2c]">MASS_Reset</a> from usb_prop.o(i.MASS_Reset) referenced 2 times from usb_prop.o(.data)
 <LI><a href="#[2d]">MASS_Status_In</a> from usb_prop.o(i.MASS_Status_In) referenced 2 times from usb_prop.o(.data)
 <LI><a href="#[2e]">MASS_Status_Out</a> from usb_prop.o(i.MASS_Status_Out) referenced 2 times from usb_prop.o(.data)
 <LI><a href="#[2b]">MASS_init</a> from usb_prop.o(i.MASS_init) referenced 2 times from usb_prop.o(.data)
 <LI><a href="#[36]">Mass_Storage_ClearFeature</a> from usb_prop.o(i.Mass_Storage_ClearFeature) referenced 2 times from usb_prop.o(.data)
 <LI><a href="#[35]">Mass_Storage_SetConfiguration</a> from usb_prop.o(i.Mass_Storage_SetConfiguration) referenced 2 times from usb_prop.o(.data)
 <LI><a href="#[37]">Mass_Storage_SetDeviceAddress</a> from usb_prop.o(i.Mass_Storage_SetDeviceAddress) referenced 2 times from usb_prop.o(.data)
 <LI><a href="#[3b]">MemManage_Handler</a> from startup_stm32f10x_hd.o(.text) referenced from startup_stm32f10x_hd.o(RESET)
 <LI><a href="#[39]">NMI_Handler</a> from startup_stm32f10x_hd.o(.text) referenced from startup_stm32f10x_hd.o(RESET)
 <LI><a href="#[29]">NOP_Process</a> from usb_core.o(i.NOP_Process) referenced 36 times from usb_istr.o(.data)
 <LI><a href="#[80]">OSTaskSwHook</a> from os_cpu_c.o(i.OSTaskSwHook) referenced from os_cpu_a.o(.text)
 <LI><a href="#[8c]">OS_TaskIdle</a> from os_core.o(i.OS_TaskIdle) referenced from os_core.o(i.OSInit)
 <LI><a href="#[8d]">OS_TaskStat</a> from os_core.o(i.OS_TaskStat) referenced from os_core.o(i.OSInit)
 <LI><a href="#[8e]">OTT2001A_Scan</a> from ott2001a.o(i.OTT2001A_Scan) referenced from touch.o(i.TP_Init)
 <LI><a href="#[43]">PVD_IRQHandler</a> from startup_stm32f10x_hd.o(.text) referenced from startup_stm32f10x_hd.o(RESET)
 <LI><a href="#[40]">PendSV_Handler</a> from os_cpu_a.o(.text) referenced from startup_stm32f10x_hd.o(RESET)
 <LI><a href="#[47]">RCC_IRQHandler</a> from startup_stm32f10x_hd.o(.text) referenced from startup_stm32f10x_hd.o(RESET)
 <LI><a href="#[6b]">RTCAlarm_IRQHandler</a> from startup_stm32f10x_hd.o(.text) referenced from startup_stm32f10x_hd.o(RESET)
 <LI><a href="#[45]">RTC_IRQHandler</a> from rtc.o(i.RTC_IRQHandler) referenced from startup_stm32f10x_hd.o(RESET)
 <LI><a href="#[38]">Reset_Handler</a> from startup_stm32f10x_hd.o(.text) referenced from startup_stm32f10x_hd.o(RESET)
 <LI><a href="#[1f]">SCCB_RD_Reg</a> from sccb.o(i.SCCB_RD_Reg) referenced 2 times from usmart_config.o(.data)
 <LI><a href="#[1e]">SCCB_WR_Reg</a> from sccb.o(i.SCCB_WR_Reg) referenced 2 times from usmart_config.o(.data)
 <LI><a href="#[73]">SDIO_IRQHandler</a> from sdio_sdcard.o(i.SDIO_IRQHandler) referenced from startup_stm32f10x_hd.o(RESET)
 <LI><a href="#[65]">SPI1_IRQHandler</a> from startup_stm32f10x_hd.o(.text) referenced from startup_stm32f10x_hd.o(RESET)
 <LI><a href="#[66]">SPI2_IRQHandler</a> from startup_stm32f10x_hd.o(.text) referenced from startup_stm32f10x_hd.o(RESET)
 <LI><a href="#[75]">SPI3_IRQHandler</a> from startup_stm32f10x_hd.o(.text) referenced from startup_stm32f10x_hd.o(RESET)
 <LI><a href="#[3e]">SVC_Handler</a> from startup_stm32f10x_hd.o(.text) referenced from startup_stm32f10x_hd.o(RESET)
 <LI><a href="#[89]">Standard_GetConfiguration</a> from usb_core.o(i.Standard_GetConfiguration) referenced from usb_core.o(i.Data_Setup0)
 <LI><a href="#[8a]">Standard_GetInterface</a> from usb_core.o(i.Standard_GetInterface) referenced from usb_core.o(i.Data_Setup0)
 <LI><a href="#[88]">Standard_GetStatus</a> from usb_core.o(i.Standard_GetStatus) referenced from usb_core.o(i.Data_Setup0)
 <LI><a href="#[41]">SysTick_Handler</a> from delay.o(i.SysTick_Handler) referenced from startup_stm32f10x_hd.o(RESET)
 <LI><a href="#[7e]">SystemInit</a> from system_stm32f10x.o(i.SystemInit) referenced from startup_stm32f10x_hd.o(.text)
 <LI><a href="#[44]">TAMPER_IRQHandler</a> from startup_stm32f10x_hd.o(.text) referenced from startup_stm32f10x_hd.o(RESET)
 <LI><a href="#[5a]">TIM1_BRK_IRQHandler</a> from startup_stm32f10x_hd.o(.text) referenced from startup_stm32f10x_hd.o(RESET)
 <LI><a href="#[5d]">TIM1_CC_IRQHandler</a> from startup_stm32f10x_hd.o(.text) referenced from startup_stm32f10x_hd.o(RESET)
 <LI><a href="#[5c]">TIM1_TRG_COM_IRQHandler</a> from startup_stm32f10x_hd.o(.text) referenced from startup_stm32f10x_hd.o(RESET)
 <LI><a href="#[5b]">TIM1_UP_IRQHandler</a> from startup_stm32f10x_hd.o(.text) referenced from startup_stm32f10x_hd.o(RESET)
 <LI><a href="#[5e]">TIM2_IRQHandler</a> from usmart.o(i.TIM2_IRQHandler) referenced from startup_stm32f10x_hd.o(RESET)
 <LI><a href="#[5f]">TIM3_IRQHandler</a> from timer.o(i.TIM3_IRQHandler) referenced from startup_stm32f10x_hd.o(RESET)
 <LI><a href="#[60]">TIM4_IRQHandler</a> from remote.o(i.TIM4_IRQHandler) referenced from startup_stm32f10x_hd.o(RESET)
 <LI><a href="#[74]">TIM5_IRQHandler</a> from timer.o(i.TIM5_IRQHandler) referenced from startup_stm32f10x_hd.o(RESET)
 <LI><a href="#[78]">TIM6_IRQHandler</a> from timer.o(i.TIM6_IRQHandler) referenced from startup_stm32f10x_hd.o(RESET)
 <LI><a href="#[79]">TIM7_IRQHandler</a> from timer.o(i.TIM7_IRQHandler) referenced from startup_stm32f10x_hd.o(RESET)
 <LI><a href="#[6d]">TIM8_BRK_IRQHandler</a> from startup_stm32f10x_hd.o(.text) referenced from startup_stm32f10x_hd.o(RESET)
 <LI><a href="#[70]">TIM8_CC_IRQHandler</a> from startup_stm32f10x_hd.o(.text) referenced from startup_stm32f10x_hd.o(RESET)
 <LI><a href="#[6f]">TIM8_TRG_COM_IRQHandler</a> from startup_stm32f10x_hd.o(.text) referenced from startup_stm32f10x_hd.o(RESET)
 <LI><a href="#[6e]">TIM8_UP_IRQHandler</a> from startup_stm32f10x_hd.o(.text) referenced from startup_stm32f10x_hd.o(RESET)
 <LI><a href="#[7]">TP_Adjust</a> from touch.o(i.TP_Adjust) referenced 2 times from touch.o(.data)
 <LI><a href="#[5]">TP_Init</a> from touch.o(i.TP_Init) referenced 2 times from touch.o(.data)
 <LI><a href="#[6]">TP_Scan</a> from touch.o(i.TP_Scan) referenced 2 times from touch.o(.data)
 <LI><a href="#[76]">UART4_IRQHandler</a> from startup_stm32f10x_hd.o(.text) referenced from startup_stm32f10x_hd.o(RESET)
 <LI><a href="#[77]">UART5_IRQHandler</a> from startup_stm32f10x_hd.o(.text) referenced from startup_stm32f10x_hd.o(RESET)
 <LI><a href="#[67]">USART1_IRQHandler</a> from usart.o(i.USART1_IRQHandler) referenced from startup_stm32f10x_hd.o(RESET)
 <LI><a href="#[68]">USART2_IRQHandler</a> from startup_stm32f10x_hd.o(.text) referenced from startup_stm32f10x_hd.o(RESET)
 <LI><a href="#[69]">USART3_IRQHandler</a> from usart3.o(i.USART3_IRQHandler) referenced from startup_stm32f10x_hd.o(RESET)
 <LI><a href="#[6c]">USBWakeUp_IRQHandler</a> from hw_config.o(i.USBWakeUp_IRQHandler) referenced from startup_stm32f10x_hd.o(RESET)
 <LI><a href="#[55]">USB_HP_CAN1_TX_IRQHandler</a> from startup_stm32f10x_hd.o(.text) referenced from startup_stm32f10x_hd.o(RESET)
 <LI><a href="#[56]">USB_LP_CAN1_RX0_IRQHandler</a> from hw_config.o(i.USB_LP_CAN1_RX0_IRQHandler) referenced from startup_stm32f10x_hd.o(RESET)
 <LI><a href="#[3d]">UsageFault_Handler</a> from startup_stm32f10x_hd.o(.text) referenced from startup_stm32f10x_hd.o(RESET)
 <LI><a href="#[a]">W25QXX_Erase_Chip</a> from w25qxx.o(i.W25QXX_Erase_Chip) referenced 4 times from usmart_config.o(.data)
 <LI><a href="#[42]">WWDG_IRQHandler</a> from startup_stm32f10x_hd.o(.text) referenced from startup_stm32f10x_hd.o(RESET)
 <LI><a href="#[a1]">__main</a> from __main.o(!!!main) referenced from startup_stm32f10x_hd.o(.text)
 <LI><a href="#[87]">_get_lc_ctype</a> from lc_ctype_c.o(locale$$code) referenced from rt_ctype_table.o(.text)
 <LI><a href="#[82]">_printf_input_char</a> from _printf_char_common.o(.text) referenced from _printf_char_common.o(.text)
 <LI><a href="#[85]">_sbackspace</a> from _sgetc.o(.text) referenced from strtod.o(.text)
 <LI><a href="#[84]">_sgetc</a> from _sgetc.o(.text) referenced from strtod.o(.text)
 <LI><a href="#[81]">_sputc</a> from _sputc.o(.text) referenced 2 times from c89vsprintf.o(.text)
 <LI><a href="#[20]">ai_load_picfile</a> from piclib.o(i.ai_load_picfile) referenced 2 times from usmart_config.o(.data)
 <LI><a href="#[a0]">app_boot_cpdmsg</a> from common.o(i.app_boot_cpdmsg) referenced from main.o(i.system_init)
 <LI><a href="#[d]">bmp_encode</a> from bmp.o(i.bmp_encode) referenced 2 times from usmart_config.o(.data)
 <LI><a href="#[83]">fputc</a> from usart.o(i.fputc) referenced from _printf_char_file.o(.text)
 <LI><a href="#[c]">gui_color_chg</a> from gui.o(i.gui_color_chg) referenced 2 times from usmart_config.o(.data)
 <LI><a href="#[27]">gui_get_key</a> from gui.o(i.gui_get_key) referenced 2 times from gui.o(.data)
 <LI><a href="#[b]">gui_show_ptstr</a> from gui.o(i.gui_show_ptstr) referenced 2 times from usmart_config.o(.data)
 <LI><a href="#[86]">isspace</a> from isspace.o(.text) referenced from strtod.o(.text)
 <LI><a href="#[95]">jpeg_in_func</a> from tjpgd.o(i.jpeg_in_func) referenced from tjpgd.o(i.jpg_decode)
 <LI><a href="#[97]">jpeg_out_func_fill</a> from tjpgd.o(i.jpeg_out_func_fill) referenced from tjpgd.o(i.jpg_decode)
 <LI><a href="#[96]">jpeg_out_func_point</a> from tjpgd.o(i.jpeg_out_func_point) referenced from tjpgd.o(i.jpg_decode)
 <LI><a href="#[9c]">main_task</a> from main.o(i.main_task) referenced from main.o(i.start_task)
 <LI><a href="#[10]">mf_close</a> from fattester.o(i.mf_close) referenced 2 times from usmart_config.o(.data)
 <LI><a href="#[1a]">mf_fmkfs</a> from fattester.o(i.mf_fmkfs) referenced 2 times from usmart_config.o(.data)
 <LI><a href="#[17]">mf_lseek</a> from fattester.o(i.mf_lseek) referenced 2 times from usmart_config.o(.data)
 <LI><a href="#[1b]">mf_mkdir</a> from fattester.o(i.mf_mkdir) referenced 2 times from usmart_config.o(.data)
 <LI><a href="#[e]">mf_mount</a> from fattester.o(i.mf_mount) referenced 2 times from usmart_config.o(.data)
 <LI><a href="#[f]">mf_open</a> from fattester.o(i.mf_open) referenced 2 times from usmart_config.o(.data)
 <LI><a href="#[13]">mf_opendir</a> from fattester.o(i.mf_opendir) referenced 2 times from usmart_config.o(.data)
 <LI><a href="#[11]">mf_read</a> from fattester.o(i.mf_read) referenced 2 times from usmart_config.o(.data)
 <LI><a href="#[14]">mf_readdir</a> from fattester.o(i.mf_readdir) referenced 2 times from usmart_config.o(.data)
 <LI><a href="#[1d]">mf_rename</a> from fattester.o(i.mf_rename) referenced 2 times from usmart_config.o(.data)
 <LI><a href="#[15]">mf_scan_files</a> from fattester.o(i.mf_scan_files) referenced 4 times from usmart_config.o(.data)
 <LI><a href="#[16]">mf_showfree</a> from fattester.o(i.mf_showfree) referenced 2 times from usmart_config.o(.data)
 <LI><a href="#[19]">mf_size</a> from fattester.o(i.mf_size) referenced 2 times from usmart_config.o(.data)
 <LI><a href="#[18]">mf_tell</a> from fattester.o(i.mf_tell) referenced 2 times from usmart_config.o(.data)
 <LI><a href="#[1c]">mf_unlink</a> from fattester.o(i.mf_unlink) referenced 2 times from usmart_config.o(.data)
 <LI><a href="#[12]">mf_write</a> from fattester.o(i.mf_write) referenced 2 times from usmart_config.o(.data)
 <LI><a href="#[25]">my_mem_init</a> from malloc.o(i.my_mem_init) referenced 2 times from malloc.o(.data)
 <LI><a href="#[26]">my_mem_perused</a> from malloc.o(i.my_mem_perused) referenced 2 times from malloc.o(.data)
 <LI><a href="#[99]">phone_incall_task</a> from phoneplay.o(i.phone_incall_task) referenced from phoneplay.o(i.phone_incall_task_creat)
 <LI><a href="#[9a]">piclib_draw_hline</a> from piclib.o(i.piclib_draw_hline) referenced from piclib.o(i.piclib_init)
 <LI><a href="#[9b]">piclib_fill_color</a> from piclib.o(i.piclib_fill_color) referenced from piclib.o(i.piclib_init)
 <LI><a href="#[8]">read_addr</a> from usmart.o(i.read_addr) referenced 2 times from usmart_config.o(.data)
 <LI><a href="#[98]">start_task</a> from main.o(i.start_task) referenced from main.o(i.main)
 <LI><a href="#[9f]">sysset_system_update_cpymsg</a> from settings.o(i.sysset_system_update_cpymsg) referenced from settings.o(i.sysset_system_update)
 <LI><a href="#[9d]">usart_task</a> from main.o(i.usart_task) referenced from main.o(i.start_task)
 <LI><a href="#[22]">usmart_cmd_rec</a> from usmart.o(i.usmart_cmd_rec) referenced 2 times from usmart_config.o(.data)
 <LI><a href="#[23]">usmart_exe</a> from usmart.o(i.usmart_exe) referenced 2 times from usmart_config.o(.data)
 <LI><a href="#[21]">usmart_init</a> from usmart.o(i.usmart_init) referenced 2 times from usmart_config.o(.data)
 <LI><a href="#[24]">usmart_scan</a> from usmart.o(i.usmart_scan) referenced 2 times from usmart_config.o(.data)
 <LI><a href="#[9e]">watch_task</a> from main.o(i.watch_task) referenced from main.o(i.start_task)
 <LI><a href="#[9]">write_addr</a> from usmart.o(i.write_addr) referenced 2 times from usmart_config.o(.data)
</UL>
<P>
<H3>
Global Symbols
</H3>
<P><STRONG><a name="[a1]"></a>__main</STRONG> (Thumb, 8 bytes, Stack size 0 bytes, __main.o(!!!main))
<BR><BR>[Calls]<UL><LI><a href="#[a3]">&gt;&gt;</a>&nbsp;&nbsp;&nbsp;__rt_entry
<LI><a href="#[a2]">&gt;&gt;</a>&nbsp;&nbsp;&nbsp;__scatterload
</UL>

<P><STRONG><a name="[a2]"></a>__scatterload</STRONG> (Thumb, 0 bytes, Stack size unknown bytes, __scatter.o(!!!scatter))
<BR><BR>[Called By]<UL><LI><a href="#[a1]">&gt;&gt;</a>&nbsp;&nbsp;&nbsp;__main
</UL>

<P><STRONG><a name="[a4]"></a>__scatterload_rt2</STRONG> (Thumb, 44 bytes, Stack size unknown bytes, __scatter.o(!!!scatter), UNUSED)
<BR><BR>[Calls]<UL><LI><a href="#[a3]">&gt;&gt;</a>&nbsp;&nbsp;&nbsp;__rt_entry
</UL>

<P><STRONG><a name="[4fe]"></a>__scatterload_rt2_thumb_only</STRONG> (Thumb, 0 bytes, Stack size unknown bytes, __scatter.o(!!!scatter), UNUSED)

<P><STRONG><a name="[4ff]"></a>__scatterload_null</STRONG> (Thumb, 0 bytes, Stack size unknown bytes, __scatter.o(!!!scatter), UNUSED)

<P><STRONG><a name="[500]"></a>__decompress</STRONG> (Thumb, 90 bytes, Stack size unknown bytes, __dczerorl2.o(!!dczerorl2), UNUSED)

<P><STRONG><a name="[501]"></a>__decompress1</STRONG> (Thumb, 0 bytes, Stack size unknown bytes, __dczerorl2.o(!!dczerorl2), UNUSED)

<P><STRONG><a name="[502]"></a>__scatterload_zeroinit</STRONG> (Thumb, 28 bytes, Stack size unknown bytes, __scatter_zi.o(!!handler_zi), UNUSED)

<P><STRONG><a name="[a5]"></a>_printf_n</STRONG> (Thumb, 0 bytes, Stack size unknown bytes, _printf_n.o(.ARM.Collect$$_printf_percent$$00000001))
<BR><BR>[Calls]<UL><LI><a href="#[a6]">&gt;&gt;</a>&nbsp;&nbsp;&nbsp;_printf_charcount
</UL>

<P><STRONG><a name="[101]"></a>_printf_percent</STRONG> (Thumb, 0 bytes, Stack size unknown bytes, _printf_percent.o(.ARM.Collect$$_printf_percent$$00000000))
<BR><BR>[Called By]<UL><LI><a href="#[ff]">&gt;&gt;</a>&nbsp;&nbsp;&nbsp;__printf
</UL>

<P><STRONG><a name="[a7]"></a>_printf_p</STRONG> (Thumb, 0 bytes, Stack size unknown bytes, _printf_p.o(.ARM.Collect$$_printf_percent$$00000002))
<BR><BR>[Stack]<UL><LI>Max Depth = 64 + Unknown Stack Size
<LI>Call Chain = _printf_p &rArr; _printf_hex_ptr &rArr; _printf_longlong_hex &rArr; _printf_int_common &rArr; _printf_post_padding
</UL>
<BR>[Calls]<UL><LI><a href="#[a8]">&gt;&gt;</a>&nbsp;&nbsp;&nbsp;_printf_hex_ptr
</UL>

<P><STRONG><a name="[a9]"></a>_printf_f</STRONG> (Thumb, 0 bytes, Stack size unknown bytes, _printf_f.o(.ARM.Collect$$_printf_percent$$00000003))
<BR><BR>[Stack]<UL><LI>Max Depth = 324 + Unknown Stack Size
<LI>Call Chain = _printf_f &rArr; _printf_fp_dec &rArr; _printf_fp_dec_real &rArr; _fp_digits &rArr; _btod_etento &rArr; _btod_emul &rArr; _e2e
</UL>
<BR>[Calls]<UL><LI><a href="#[aa]">&gt;&gt;</a>&nbsp;&nbsp;&nbsp;_printf_fp_dec
</UL>

<P><STRONG><a name="[ab]"></a>_printf_e</STRONG> (Thumb, 0 bytes, Stack size unknown bytes, _printf_e.o(.ARM.Collect$$_printf_percent$$00000004))
<BR><BR>[Stack]<UL><LI>Max Depth = 324 + Unknown Stack Size
<LI>Call Chain = _printf_e &rArr; _printf_fp_dec &rArr; _printf_fp_dec_real &rArr; _fp_digits &rArr; _btod_etento &rArr; _btod_emul &rArr; _e2e
</UL>
<BR>[Calls]<UL><LI><a href="#[aa]">&gt;&gt;</a>&nbsp;&nbsp;&nbsp;_printf_fp_dec
</UL>

<P><STRONG><a name="[ac]"></a>_printf_g</STRONG> (Thumb, 0 bytes, Stack size unknown bytes, _printf_g.o(.ARM.Collect$$_printf_percent$$00000005))
<BR><BR>[Stack]<UL><LI>Max Depth = 324 + Unknown Stack Size
<LI>Call Chain = _printf_g &rArr; _printf_fp_dec &rArr; _printf_fp_dec_real &rArr; _fp_digits &rArr; _btod_etento &rArr; _btod_emul &rArr; _e2e
</UL>
<BR>[Calls]<UL><LI><a href="#[aa]">&gt;&gt;</a>&nbsp;&nbsp;&nbsp;_printf_fp_dec
</UL>

<P><STRONG><a name="[503]"></a>_printf_a</STRONG> (Thumb, 0 bytes, Stack size unknown bytes, _printf_a.o(.ARM.Collect$$_printf_percent$$00000006))

<P><STRONG><a name="[504]"></a>_printf_ll</STRONG> (Thumb, 0 bytes, Stack size unknown bytes, _printf_ll.o(.ARM.Collect$$_printf_percent$$00000007))

<P><STRONG><a name="[ad]"></a>_printf_i</STRONG> (Thumb, 0 bytes, Stack size unknown bytes, _printf_i.o(.ARM.Collect$$_printf_percent$$00000008))
<BR><BR>[Stack]<UL><LI>Max Depth = 72 + Unknown Stack Size
<LI>Call Chain = _printf_i &rArr; _printf_int_dec &rArr; _printf_int_common &rArr; _printf_post_padding
</UL>
<BR>[Calls]<UL><LI><a href="#[ae]">&gt;&gt;</a>&nbsp;&nbsp;&nbsp;_printf_int_dec
</UL>

<P><STRONG><a name="[af]"></a>_printf_d</STRONG> (Thumb, 0 bytes, Stack size unknown bytes, _printf_d.o(.ARM.Collect$$_printf_percent$$00000009))
<BR><BR>[Stack]<UL><LI>Max Depth = 72 + Unknown Stack Size
<LI>Call Chain = _printf_d &rArr; _printf_int_dec &rArr; _printf_int_common &rArr; _printf_post_padding
</UL>
<BR>[Calls]<UL><LI><a href="#[ae]">&gt;&gt;</a>&nbsp;&nbsp;&nbsp;_printf_int_dec
</UL>

<P><STRONG><a name="[b0]"></a>_printf_u</STRONG> (Thumb, 0 bytes, Stack size unknown bytes, _printf_u.o(.ARM.Collect$$_printf_percent$$0000000A))
<BR><BR>[Stack]<UL><LI>Max Depth = 72 + Unknown Stack Size
<LI>Call Chain = _printf_u &rArr; _printf_int_dec &rArr; _printf_int_common &rArr; _printf_post_padding
</UL>
<BR>[Calls]<UL><LI><a href="#[ae]">&gt;&gt;</a>&nbsp;&nbsp;&nbsp;_printf_int_dec
</UL>

<P><STRONG><a name="[b1]"></a>_printf_o</STRONG> (Thumb, 0 bytes, Stack size unknown bytes, _printf_o.o(.ARM.Collect$$_printf_percent$$0000000B))
<BR><BR>[Stack]<UL><LI>Max Depth = 64 + Unknown Stack Size
<LI>Call Chain = _printf_o &rArr; _printf_int_oct &rArr; _printf_longlong_oct &rArr; _printf_int_common &rArr; _printf_post_padding
</UL>
<BR>[Calls]<UL><LI><a href="#[b2]">&gt;&gt;</a>&nbsp;&nbsp;&nbsp;_printf_int_oct
</UL>

<P><STRONG><a name="[b3]"></a>_printf_x</STRONG> (Thumb, 0 bytes, Stack size unknown bytes, _printf_x.o(.ARM.Collect$$_printf_percent$$0000000C))
<BR><BR>[Stack]<UL><LI>Max Depth = 80 + Unknown Stack Size
<LI>Call Chain = _printf_x &rArr; _printf_int_hex &rArr; _printf_longlong_hex &rArr; _printf_int_common &rArr; _printf_post_padding
</UL>
<BR>[Calls]<UL><LI><a href="#[b4]">&gt;&gt;</a>&nbsp;&nbsp;&nbsp;_printf_int_hex
</UL>

<P><STRONG><a name="[b5]"></a>_printf_lli</STRONG> (Thumb, 0 bytes, Stack size unknown bytes, _printf_lli.o(.ARM.Collect$$_printf_percent$$0000000D))
<BR><BR>[Stack]<UL><LI>Max Depth = 72 + Unknown Stack Size
<LI>Call Chain = _printf_lli &rArr; _printf_longlong_dec &rArr; _printf_int_common &rArr; _printf_post_padding
</UL>
<BR>[Calls]<UL><LI><a href="#[b6]">&gt;&gt;</a>&nbsp;&nbsp;&nbsp;_printf_longlong_dec
</UL>

<P><STRONG><a name="[b7]"></a>_printf_lld</STRONG> (Thumb, 0 bytes, Stack size unknown bytes, _printf_lld.o(.ARM.Collect$$_printf_percent$$0000000E))
<BR><BR>[Stack]<UL><LI>Max Depth = 72 + Unknown Stack Size
<LI>Call Chain = _printf_lld &rArr; _printf_longlong_dec &rArr; _printf_int_common &rArr; _printf_post_padding
</UL>
<BR>[Calls]<UL><LI><a href="#[b6]">&gt;&gt;</a>&nbsp;&nbsp;&nbsp;_printf_longlong_dec
</UL>

<P><STRONG><a name="[b8]"></a>_printf_llu</STRONG> (Thumb, 0 bytes, Stack size unknown bytes, _printf_llu.o(.ARM.Collect$$_printf_percent$$0000000F))
<BR><BR>[Stack]<UL><LI>Max Depth = 72 + Unknown Stack Size
<LI>Call Chain = _printf_llu &rArr; _printf_longlong_dec &rArr; _printf_int_common &rArr; _printf_post_padding
</UL>
<BR>[Calls]<UL><LI><a href="#[b6]">&gt;&gt;</a>&nbsp;&nbsp;&nbsp;_printf_longlong_dec
</UL>

<P><STRONG><a name="[b9]"></a>_printf_llo</STRONG> (Thumb, 0 bytes, Stack size unknown bytes, _printf_llo.o(.ARM.Collect$$_printf_percent$$00000010))
<BR><BR>[Stack]<UL><LI>Max Depth = 56 + Unknown Stack Size
<LI>Call Chain = _printf_llo &rArr; _printf_ll_oct &rArr; _printf_longlong_oct &rArr; _printf_int_common &rArr; _printf_post_padding
</UL>
<BR>[Calls]<UL><LI><a href="#[ba]">&gt;&gt;</a>&nbsp;&nbsp;&nbsp;_printf_ll_oct
</UL>

<P><STRONG><a name="[bb]"></a>_printf_llx</STRONG> (Thumb, 0 bytes, Stack size unknown bytes, _printf_llx.o(.ARM.Collect$$_printf_percent$$00000011))
<BR><BR>[Stack]<UL><LI>Max Depth = 64 + Unknown Stack Size
<LI>Call Chain = _printf_llx &rArr; _printf_ll_hex &rArr; _printf_longlong_hex &rArr; _printf_int_common &rArr; _printf_post_padding
</UL>
<BR>[Calls]<UL><LI><a href="#[bc]">&gt;&gt;</a>&nbsp;&nbsp;&nbsp;_printf_ll_hex
</UL>

<P><STRONG><a name="[505]"></a>_printf_l</STRONG> (Thumb, 0 bytes, Stack size unknown bytes, _printf_l.o(.ARM.Collect$$_printf_percent$$00000012))

<P><STRONG><a name="[bd]"></a>_printf_c</STRONG> (Thumb, 0 bytes, Stack size unknown bytes, _printf_c.o(.ARM.Collect$$_printf_percent$$00000013))
<BR><BR>[Stack]<UL><LI>Max Depth = 40 + Unknown Stack Size
<LI>Call Chain = _printf_c &rArr; _printf_char &rArr; _printf_cs_common &rArr; _printf_str &rArr; _printf_post_padding
</UL>
<BR>[Calls]<UL><LI><a href="#[be]">&gt;&gt;</a>&nbsp;&nbsp;&nbsp;_printf_char
</UL>

<P><STRONG><a name="[bf]"></a>_printf_s</STRONG> (Thumb, 0 bytes, Stack size unknown bytes, _printf_s.o(.ARM.Collect$$_printf_percent$$00000014))
<BR><BR>[Stack]<UL><LI>Max Depth = 40 + Unknown Stack Size
<LI>Call Chain = _printf_s &rArr; _printf_string &rArr; _printf_cs_common &rArr; _printf_str &rArr; _printf_post_padding
</UL>
<BR>[Calls]<UL><LI><a href="#[c0]">&gt;&gt;</a>&nbsp;&nbsp;&nbsp;_printf_string
</UL>

<P><STRONG><a name="[c1]"></a>_printf_lc</STRONG> (Thumb, 0 bytes, Stack size unknown bytes, _printf_lc.o(.ARM.Collect$$_printf_percent$$00000015))
<BR><BR>[Stack]<UL><LI>Max Depth = 88 + Unknown Stack Size
<LI>Call Chain = _printf_lc &rArr; _printf_wchar &rArr; _printf_lcs_common &rArr; _printf_wctomb &rArr; _wcrtomb &rArr; __rt_ctype_table
</UL>
<BR>[Calls]<UL><LI><a href="#[c2]">&gt;&gt;</a>&nbsp;&nbsp;&nbsp;_printf_wchar
</UL>

<P><STRONG><a name="[c3]"></a>_printf_ls</STRONG> (Thumb, 0 bytes, Stack size unknown bytes, _printf_ls.o(.ARM.Collect$$_printf_percent$$00000016))
<BR><BR>[Stack]<UL><LI>Max Depth = 88 + Unknown Stack Size
<LI>Call Chain = _printf_ls &rArr; _printf_wstring &rArr; _printf_lcs_common &rArr; _printf_wctomb &rArr; _wcrtomb &rArr; __rt_ctype_table
</UL>
<BR>[Calls]<UL><LI><a href="#[c4]">&gt;&gt;</a>&nbsp;&nbsp;&nbsp;_printf_wstring
</UL>

<P><STRONG><a name="[506]"></a>_printf_percent_end</STRONG> (Thumb, 0 bytes, Stack size unknown bytes, _printf_percent_end.o(.ARM.Collect$$_printf_percent$$00000017))

<P><STRONG><a name="[cd]"></a>__rt_lib_init</STRONG> (Thumb, 0 bytes, Stack size unknown bytes, libinit.o(.ARM.Collect$$libinit$$00000000))
<BR><BR>[Called By]<UL><LI><a href="#[cc]">&gt;&gt;</a>&nbsp;&nbsp;&nbsp;__rt_entry_li
</UL>

<P><STRONG><a name="[507]"></a>__rt_lib_init_fp_1</STRONG> (Thumb, 0 bytes, Stack size unknown bytes, libinit2.o(.ARM.Collect$$libinit$$00000002))

<P><STRONG><a name="[508]"></a>__rt_lib_init_heap_1</STRONG> (Thumb, 0 bytes, Stack size unknown bytes, libinit2.o(.ARM.Collect$$libinit$$0000000A))

<P><STRONG><a name="[c5]"></a>__rt_lib_init_lc_common</STRONG> (Thumb, 0 bytes, Stack size unknown bytes, libinit2.o(.ARM.Collect$$libinit$$0000000F))
<BR><BR>[Calls]<UL><LI><a href="#[c6]">&gt;&gt;</a>&nbsp;&nbsp;&nbsp;__rt_locale
</UL>

<P><STRONG><a name="[509]"></a>__rt_lib_init_preinit_1</STRONG> (Thumb, 0 bytes, Stack size unknown bytes, libinit2.o(.ARM.Collect$$libinit$$00000004))

<P><STRONG><a name="[50a]"></a>__rt_lib_init_rand_1</STRONG> (Thumb, 0 bytes, Stack size unknown bytes, libinit2.o(.ARM.Collect$$libinit$$0000000E))

<P><STRONG><a name="[50b]"></a>__rt_lib_init_user_alloc_1</STRONG> (Thumb, 0 bytes, Stack size unknown bytes, libinit2.o(.ARM.Collect$$libinit$$0000000C))

<P><STRONG><a name="[50c]"></a>__rt_lib_init_lc_collate_1</STRONG> (Thumb, 0 bytes, Stack size unknown bytes, libinit2.o(.ARM.Collect$$libinit$$00000011))

<P><STRONG><a name="[c7]"></a>__rt_lib_init_lc_ctype_2</STRONG> (Thumb, 0 bytes, Stack size unknown bytes, libinit2.o(.ARM.Collect$$libinit$$00000012))
<BR><BR>[Stack]<UL><LI>Max Depth = 8 + Unknown Stack Size
<LI>Call Chain = __rt_lib_init_lc_ctype_2 &rArr; _get_lc_ctype
</UL>
<BR>[Calls]<UL><LI><a href="#[87]">&gt;&gt;</a>&nbsp;&nbsp;&nbsp;_get_lc_ctype
</UL>

<P><STRONG><a name="[50d]"></a>__rt_lib_init_lc_ctype_1</STRONG> (Thumb, 0 bytes, Stack size unknown bytes, libinit2.o(.ARM.Collect$$libinit$$00000013))

<P><STRONG><a name="[50e]"></a>__rt_lib_init_lc_monetary_1</STRONG> (Thumb, 0 bytes, Stack size unknown bytes, libinit2.o(.ARM.Collect$$libinit$$00000015))

<P><STRONG><a name="[c8]"></a>__rt_lib_init_lc_numeric_2</STRONG> (Thumb, 0 bytes, Stack size unknown bytes, libinit2.o(.ARM.Collect$$libinit$$00000016))
<BR><BR>[Stack]<UL><LI>Max Depth = 8 + Unknown Stack Size
<LI>Call Chain = __rt_lib_init_lc_numeric_2 &rArr; _get_lc_numeric
</UL>
<BR>[Calls]<UL><LI><a href="#[c9]">&gt;&gt;</a>&nbsp;&nbsp;&nbsp;_get_lc_numeric
</UL>

<P><STRONG><a name="[50f]"></a>__rt_lib_init_alloca_1</STRONG> (Thumb, 0 bytes, Stack size unknown bytes, libinit2.o(.ARM.Collect$$libinit$$0000002E))

<P><STRONG><a name="[510]"></a>__rt_lib_init_argv_1</STRONG> (Thumb, 0 bytes, Stack size unknown bytes, libinit2.o(.ARM.Collect$$libinit$$0000002C))

<P><STRONG><a name="[511]"></a>__rt_lib_init_atexit_1</STRONG> (Thumb, 0 bytes, Stack size unknown bytes, libinit2.o(.ARM.Collect$$libinit$$0000001B))

<P><STRONG><a name="[512]"></a>__rt_lib_init_clock_1</STRONG> (Thumb, 0 bytes, Stack size unknown bytes, libinit2.o(.ARM.Collect$$libinit$$00000021))

<P><STRONG><a name="[513]"></a>__rt_lib_init_cpp_1</STRONG> (Thumb, 0 bytes, Stack size unknown bytes, libinit2.o(.ARM.Collect$$libinit$$00000032))

<P><STRONG><a name="[514]"></a>__rt_lib_init_exceptions_1</STRONG> (Thumb, 0 bytes, Stack size unknown bytes, libinit2.o(.ARM.Collect$$libinit$$00000030))

<P><STRONG><a name="[515]"></a>__rt_lib_init_fp_trap_1</STRONG> (Thumb, 0 bytes, Stack size unknown bytes, libinit2.o(.ARM.Collect$$libinit$$0000001F))

<P><STRONG><a name="[516]"></a>__rt_lib_init_getenv_1</STRONG> (Thumb, 0 bytes, Stack size unknown bytes, libinit2.o(.ARM.Collect$$libinit$$00000023))

<P><STRONG><a name="[517]"></a>__rt_lib_init_lc_numeric_1</STRONG> (Thumb, 0 bytes, Stack size unknown bytes, libinit2.o(.ARM.Collect$$libinit$$00000017))

<P><STRONG><a name="[518]"></a>__rt_lib_init_lc_time_1</STRONG> (Thumb, 0 bytes, Stack size unknown bytes, libinit2.o(.ARM.Collect$$libinit$$00000019))

<P><STRONG><a name="[519]"></a>__rt_lib_init_return</STRONG> (Thumb, 0 bytes, Stack size unknown bytes, libinit2.o(.ARM.Collect$$libinit$$00000033))

<P><STRONG><a name="[51a]"></a>__rt_lib_init_signal_1</STRONG> (Thumb, 0 bytes, Stack size unknown bytes, libinit2.o(.ARM.Collect$$libinit$$0000001D))

<P><STRONG><a name="[51b]"></a>__rt_lib_init_stdio_1</STRONG> (Thumb, 0 bytes, Stack size unknown bytes, libinit2.o(.ARM.Collect$$libinit$$00000025))

<P><STRONG><a name="[d2]"></a>__rt_lib_shutdown</STRONG> (Thumb, 0 bytes, Stack size unknown bytes, libshutdown.o(.ARM.Collect$$libshutdown$$00000000))
<BR><BR>[Called By]<UL><LI><a href="#[d1]">&gt;&gt;</a>&nbsp;&nbsp;&nbsp;__rt_exit_ls
</UL>

<P><STRONG><a name="[51c]"></a>__rt_lib_shutdown_cpp_1</STRONG> (Thumb, 0 bytes, Stack size unknown bytes, libshutdown2.o(.ARM.Collect$$libshutdown$$00000004))

<P><STRONG><a name="[51d]"></a>__rt_lib_shutdown_fini_1</STRONG> (Thumb, 0 bytes, Stack size unknown bytes, libshutdown2.o(.ARM.Collect$$libshutdown$$00000002))

<P><STRONG><a name="[51e]"></a>__rt_lib_shutdown_fp_trap_1</STRONG> (Thumb, 0 bytes, Stack size unknown bytes, libshutdown2.o(.ARM.Collect$$libshutdown$$00000009))

<P><STRONG><a name="[51f]"></a>__rt_lib_shutdown_heap_1</STRONG> (Thumb, 0 bytes, Stack size unknown bytes, libshutdown2.o(.ARM.Collect$$libshutdown$$00000011))

<P><STRONG><a name="[520]"></a>__rt_lib_shutdown_return</STRONG> (Thumb, 0 bytes, Stack size unknown bytes, libshutdown2.o(.ARM.Collect$$libshutdown$$00000012))

<P><STRONG><a name="[521]"></a>__rt_lib_shutdown_signal_1</STRONG> (Thumb, 0 bytes, Stack size unknown bytes, libshutdown2.o(.ARM.Collect$$libshutdown$$0000000C))

<P><STRONG><a name="[522]"></a>__rt_lib_shutdown_stdio_1</STRONG> (Thumb, 0 bytes, Stack size unknown bytes, libshutdown2.o(.ARM.Collect$$libshutdown$$00000006))

<P><STRONG><a name="[523]"></a>__rt_lib_shutdown_user_alloc_1</STRONG> (Thumb, 0 bytes, Stack size unknown bytes, libshutdown2.o(.ARM.Collect$$libshutdown$$0000000E))

<P><STRONG><a name="[a3]"></a>__rt_entry</STRONG> (Thumb, 0 bytes, Stack size unknown bytes, __rtentry.o(.ARM.Collect$$rtentry$$00000000))
<BR><BR>[Called By]<UL><LI><a href="#[a1]">&gt;&gt;</a>&nbsp;&nbsp;&nbsp;__main
<LI><a href="#[a4]">&gt;&gt;</a>&nbsp;&nbsp;&nbsp;__scatterload_rt2
</UL>

<P><STRONG><a name="[524]"></a>__rt_entry_presh_1</STRONG> (Thumb, 0 bytes, Stack size unknown bytes, __rtentry2.o(.ARM.Collect$$rtentry$$00000002))

<P><STRONG><a name="[ca]"></a>__rt_entry_sh</STRONG> (Thumb, 0 bytes, Stack size unknown bytes, __rtentry4.o(.ARM.Collect$$rtentry$$00000004))
<BR><BR>[Stack]<UL><LI>Max Depth = 8 + Unknown Stack Size
<LI>Call Chain = __rt_entry_sh &rArr; __user_setup_stackheap
</UL>
<BR>[Calls]<UL><LI><a href="#[cb]">&gt;&gt;</a>&nbsp;&nbsp;&nbsp;__user_setup_stackheap
</UL>

<P><STRONG><a name="[cc]"></a>__rt_entry_li</STRONG> (Thumb, 0 bytes, Stack size unknown bytes, __rtentry2.o(.ARM.Collect$$rtentry$$0000000A))
<BR><BR>[Calls]<UL><LI><a href="#[cd]">&gt;&gt;</a>&nbsp;&nbsp;&nbsp;__rt_lib_init
</UL>

<P><STRONG><a name="[525]"></a>__rt_entry_postsh_1</STRONG> (Thumb, 0 bytes, Stack size unknown bytes, __rtentry2.o(.ARM.Collect$$rtentry$$00000009))

<P><STRONG><a name="[ce]"></a>__rt_entry_main</STRONG> (Thumb, 0 bytes, Stack size unknown bytes, __rtentry2.o(.ARM.Collect$$rtentry$$0000000D))
<BR><BR>[Stack]<UL><LI>Max Depth = 832 + Unknown Stack Size
<LI>Call Chain = __rt_entry_main &rArr; main &rArr; system_init &rArr; app_system_update &rArr; exf_fdcopy &rArr;  exf_fdcopy (Cycle)
</UL>
<BR>[Calls]<UL><LI><a href="#[cf]">&gt;&gt;</a>&nbsp;&nbsp;&nbsp;main
<LI><a href="#[d0]">&gt;&gt;</a>&nbsp;&nbsp;&nbsp;exit
</UL>

<P><STRONG><a name="[526]"></a>__rt_entry_postli_1</STRONG> (Thumb, 0 bytes, Stack size unknown bytes, __rtentry2.o(.ARM.Collect$$rtentry$$0000000C))

<P><STRONG><a name="[129]"></a>__rt_exit</STRONG> (Thumb, 0 bytes, Stack size unknown bytes, rtexit.o(.ARM.Collect$$rtexit$$00000000))
<BR><BR>[Called By]<UL><LI><a href="#[d0]">&gt;&gt;</a>&nbsp;&nbsp;&nbsp;exit
</UL>

<P><STRONG><a name="[d1]"></a>__rt_exit_ls</STRONG> (Thumb, 0 bytes, Stack size unknown bytes, rtexit2.o(.ARM.Collect$$rtexit$$00000003))
<BR><BR>[Calls]<UL><LI><a href="#[d2]">&gt;&gt;</a>&nbsp;&nbsp;&nbsp;__rt_lib_shutdown
</UL>

<P><STRONG><a name="[527]"></a>__rt_exit_prels_1</STRONG> (Thumb, 0 bytes, Stack size unknown bytes, rtexit2.o(.ARM.Collect$$rtexit$$00000002))

<P><STRONG><a name="[d3]"></a>__rt_exit_exit</STRONG> (Thumb, 0 bytes, Stack size unknown bytes, rtexit2.o(.ARM.Collect$$rtexit$$00000004))
<BR><BR>[Calls]<UL><LI><a href="#[d4]">&gt;&gt;</a>&nbsp;&nbsp;&nbsp;_sys_exit
</UL>

<P><STRONG><a name="[3c6]"></a>MSR_MSP</STRONG> (Thumb, 6 bytes, Stack size 0 bytes, sys.o(.emb_text))
<BR><BR>[Called By]<UL><LI><a href="#[3c5]">&gt;&gt;</a>&nbsp;&nbsp;&nbsp;exeplay_app_check
</UL>

<P><STRONG><a name="[38]"></a>Reset_Handler</STRONG> (Thumb, 8 bytes, Stack size 0 bytes, startup_stm32f10x_hd.o(.text))
<BR>[Address Reference Count : 1]<UL><LI> startup_stm32f10x_hd.o(RESET)
</UL>
<P><STRONG><a name="[39]"></a>NMI_Handler</STRONG> (Thumb, 2 bytes, Stack size 0 bytes, startup_stm32f10x_hd.o(.text))
<BR><BR>[Calls]<UL><LI><a href="#[39]">&gt;&gt;</a>&nbsp;&nbsp;&nbsp;NMI_Handler
</UL>
<BR>[Called By]<UL><LI><a href="#[39]">&gt;&gt;</a>&nbsp;&nbsp;&nbsp;NMI_Handler
</UL>
<BR>[Address Reference Count : 1]<UL><LI> startup_stm32f10x_hd.o(RESET)
</UL>
<P><STRONG><a name="[3b]"></a>MemManage_Handler</STRONG> (Thumb, 2 bytes, Stack size 0 bytes, startup_stm32f10x_hd.o(.text))
<BR><BR>[Calls]<UL><LI><a href="#[3b]">&gt;&gt;</a>&nbsp;&nbsp;&nbsp;MemManage_Handler
</UL>
<BR>[Called By]<UL><LI><a href="#[3b]">&gt;&gt;</a>&nbsp;&nbsp;&nbsp;MemManage_Handler
</UL>
<BR>[Address Reference Count : 1]<UL><LI> startup_stm32f10x_hd.o(RESET)
</UL>
<P><STRONG><a name="[3c]"></a>BusFault_Handler</STRONG> (Thumb, 2 bytes, Stack size 0 bytes, startup_stm32f10x_hd.o(.text))
<BR><BR>[Calls]<UL><LI><a href="#[3c]">&gt;&gt;</a>&nbsp;&nbsp;&nbsp;BusFault_Handler
</UL>
<BR>[Called By]<UL><LI><a href="#[3c]">&gt;&gt;</a>&nbsp;&nbsp;&nbsp;BusFault_Handler
</UL>
<BR>[Address Reference Count : 1]<UL><LI> startup_stm32f10x_hd.o(RESET)
</UL>
<P><STRONG><a name="[3d]"></a>UsageFault_Handler</STRONG> (Thumb, 2 bytes, Stack size 0 bytes, startup_stm32f10x_hd.o(.text))
<BR><BR>[Calls]<UL><LI><a href="#[3d]">&gt;&gt;</a>&nbsp;&nbsp;&nbsp;UsageFault_Handler
</UL>
<BR>[Called By]<UL><LI><a href="#[3d]">&gt;&gt;</a>&nbsp;&nbsp;&nbsp;UsageFault_Handler
</UL>
<BR>[Address Reference Count : 1]<UL><LI> startup_stm32f10x_hd.o(RESET)
</UL>
<P><STRONG><a name="[3e]"></a>SVC_Handler</STRONG> (Thumb, 2 bytes, Stack size 0 bytes, startup_stm32f10x_hd.o(.text))
<BR><BR>[Calls]<UL><LI><a href="#[3e]">&gt;&gt;</a>&nbsp;&nbsp;&nbsp;SVC_Handler
</UL>
<BR>[Called By]<UL><LI><a href="#[3e]">&gt;&gt;</a>&nbsp;&nbsp;&nbsp;SVC_Handler
</UL>
<BR>[Address Reference Count : 1]<UL><LI> startup_stm32f10x_hd.o(RESET)
</UL>
<P><STRONG><a name="[3f]"></a>DebugMon_Handler</STRONG> (Thumb, 2 bytes, Stack size 0 bytes, startup_stm32f10x_hd.o(.text))
<BR><BR>[Calls]<UL><LI><a href="#[3f]">&gt;&gt;</a>&nbsp;&nbsp;&nbsp;DebugMon_Handler
</UL>
<BR>[Called By]<UL><LI><a href="#[3f]">&gt;&gt;</a>&nbsp;&nbsp;&nbsp;DebugMon_Handler
</UL>
<BR>[Address Reference Count : 1]<UL><LI> startup_stm32f10x_hd.o(RESET)
</UL>
<P><STRONG><a name="[54]"></a>ADC1_2_IRQHandler</STRONG> (Thumb, 0 bytes, Stack size 0 bytes, startup_stm32f10x_hd.o(.text))
<BR><BR>[Calls]<UL><LI><a href="#[54]">&gt;&gt;</a>&nbsp;&nbsp;&nbsp;ADC1_2_IRQHandler
</UL>
<BR>[Called By]<UL><LI><a href="#[54]">&gt;&gt;</a>&nbsp;&nbsp;&nbsp;ADC1_2_IRQHandler
</UL>
<BR>[Address Reference Count : 1]<UL><LI> startup_stm32f10x_hd.o(RESET)
</UL>
<P><STRONG><a name="[71]"></a>ADC3_IRQHandler</STRONG> (Thumb, 0 bytes, Stack size 0 bytes, startup_stm32f10x_hd.o(.text))
<BR>[Address Reference Count : 1]<UL><LI> startup_stm32f10x_hd.o(RESET)
</UL>
<P><STRONG><a name="[57]"></a>CAN1_RX1_IRQHandler</STRONG> (Thumb, 0 bytes, Stack size 0 bytes, startup_stm32f10x_hd.o(.text))
<BR>[Address Reference Count : 1]<UL><LI> startup_stm32f10x_hd.o(RESET)
</UL>
<P><STRONG><a name="[58]"></a>CAN1_SCE_IRQHandler</STRONG> (Thumb, 0 bytes, Stack size 0 bytes, startup_stm32f10x_hd.o(.text))
<BR>[Address Reference Count : 1]<UL><LI> startup_stm32f10x_hd.o(RESET)
</UL>
<P><STRONG><a name="[4d]"></a>DMA1_Channel1_IRQHandler</STRONG> (Thumb, 0 bytes, Stack size 0 bytes, startup_stm32f10x_hd.o(.text))
<BR>[Address Reference Count : 1]<UL><LI> startup_stm32f10x_hd.o(RESET)
</UL>
<P><STRONG><a name="[4e]"></a>DMA1_Channel2_IRQHandler</STRONG> (Thumb, 0 bytes, Stack size 0 bytes, startup_stm32f10x_hd.o(.text))
<BR>[Address Reference Count : 1]<UL><LI> startup_stm32f10x_hd.o(RESET)
</UL>
<P><STRONG><a name="[4f]"></a>DMA1_Channel3_IRQHandler</STRONG> (Thumb, 0 bytes, Stack size 0 bytes, startup_stm32f10x_hd.o(.text))
<BR>[Address Reference Count : 1]<UL><LI> startup_stm32f10x_hd.o(RESET)
</UL>
<P><STRONG><a name="[50]"></a>DMA1_Channel4_IRQHandler</STRONG> (Thumb, 0 bytes, Stack size 0 bytes, startup_stm32f10x_hd.o(.text))
<BR>[Address Reference Count : 1]<UL><LI> startup_stm32f10x_hd.o(RESET)
</UL>
<P><STRONG><a name="[51]"></a>DMA1_Channel5_IRQHandler</STRONG> (Thumb, 0 bytes, Stack size 0 bytes, startup_stm32f10x_hd.o(.text))
<BR>[Address Reference Count : 1]<UL><LI> startup_stm32f10x_hd.o(RESET)
</UL>
<P><STRONG><a name="[52]"></a>DMA1_Channel6_IRQHandler</STRONG> (Thumb, 0 bytes, Stack size 0 bytes, startup_stm32f10x_hd.o(.text))
<BR>[Address Reference Count : 1]<UL><LI> startup_stm32f10x_hd.o(RESET)
</UL>
<P><STRONG><a name="[53]"></a>DMA1_Channel7_IRQHandler</STRONG> (Thumb, 0 bytes, Stack size 0 bytes, startup_stm32f10x_hd.o(.text))
<BR>[Address Reference Count : 1]<UL><LI> startup_stm32f10x_hd.o(RESET)
</UL>
<P><STRONG><a name="[7a]"></a>DMA2_Channel1_IRQHandler</STRONG> (Thumb, 0 bytes, Stack size 0 bytes, startup_stm32f10x_hd.o(.text))
<BR>[Address Reference Count : 1]<UL><LI> startup_stm32f10x_hd.o(RESET)
</UL>
<P><STRONG><a name="[7b]"></a>DMA2_Channel2_IRQHandler</STRONG> (Thumb, 0 bytes, Stack size 0 bytes, startup_stm32f10x_hd.o(.text))
<BR>[Address Reference Count : 1]<UL><LI> startup_stm32f10x_hd.o(RESET)
</UL>
<P><STRONG><a name="[7c]"></a>DMA2_Channel3_IRQHandler</STRONG> (Thumb, 0 bytes, Stack size 0 bytes, startup_stm32f10x_hd.o(.text))
<BR>[Address Reference Count : 1]<UL><LI> startup_stm32f10x_hd.o(RESET)
</UL>
<P><STRONG><a name="[7d]"></a>DMA2_Channel4_5_IRQHandler</STRONG> (Thumb, 0 bytes, Stack size 0 bytes, startup_stm32f10x_hd.o(.text))
<BR>[Address Reference Count : 1]<UL><LI> startup_stm32f10x_hd.o(RESET)
</UL>
<P><STRONG><a name="[6a]"></a>EXTI15_10_IRQHandler</STRONG> (Thumb, 0 bytes, Stack size 0 bytes, startup_stm32f10x_hd.o(.text))
<BR>[Address Reference Count : 1]<UL><LI> startup_stm32f10x_hd.o(RESET)
</UL>
<P><STRONG><a name="[49]"></a>EXTI1_IRQHandler</STRONG> (Thumb, 0 bytes, Stack size 0 bytes, startup_stm32f10x_hd.o(.text))
<BR>[Address Reference Count : 1]<UL><LI> startup_stm32f10x_hd.o(RESET)
</UL>
<P><STRONG><a name="[46]"></a>FLASH_IRQHandler</STRONG> (Thumb, 0 bytes, Stack size 0 bytes, startup_stm32f10x_hd.o(.text))
<BR>[Address Reference Count : 1]<UL><LI> startup_stm32f10x_hd.o(RESET)
</UL>
<P><STRONG><a name="[72]"></a>FSMC_IRQHandler</STRONG> (Thumb, 0 bytes, Stack size 0 bytes, startup_stm32f10x_hd.o(.text))
<BR>[Address Reference Count : 1]<UL><LI> startup_stm32f10x_hd.o(RESET)
</UL>
<P><STRONG><a name="[62]"></a>I2C1_ER_IRQHandler</STRONG> (Thumb, 0 bytes, Stack size 0 bytes, startup_stm32f10x_hd.o(.text))
<BR>[Address Reference Count : 1]<UL><LI> startup_stm32f10x_hd.o(RESET)
</UL>
<P><STRONG><a name="[61]"></a>I2C1_EV_IRQHandler</STRONG> (Thumb, 0 bytes, Stack size 0 bytes, startup_stm32f10x_hd.o(.text))
<BR>[Address Reference Count : 1]<UL><LI> startup_stm32f10x_hd.o(RESET)
</UL>
<P><STRONG><a name="[64]"></a>I2C2_ER_IRQHandler</STRONG> (Thumb, 0 bytes, Stack size 0 bytes, startup_stm32f10x_hd.o(.text))
<BR>[Address Reference Count : 1]<UL><LI> startup_stm32f10x_hd.o(RESET)
</UL>
<P><STRONG><a name="[63]"></a>I2C2_EV_IRQHandler</STRONG> (Thumb, 0 bytes, Stack size 0 bytes, startup_stm32f10x_hd.o(.text))
<BR>[Address Reference Count : 1]<UL><LI> startup_stm32f10x_hd.o(RESET)
</UL>
<P><STRONG><a name="[43]"></a>PVD_IRQHandler</STRONG> (Thumb, 0 bytes, Stack size 0 bytes, startup_stm32f10x_hd.o(.text))
<BR>[Address Reference Count : 1]<UL><LI> startup_stm32f10x_hd.o(RESET)
</UL>
<P><STRONG><a name="[47]"></a>RCC_IRQHandler</STRONG> (Thumb, 0 bytes, Stack size 0 bytes, startup_stm32f10x_hd.o(.text))
<BR>[Address Reference Count : 1]<UL><LI> startup_stm32f10x_hd.o(RESET)
</UL>
<P><STRONG><a name="[6b]"></a>RTCAlarm_IRQHandler</STRONG> (Thumb, 0 bytes, Stack size 0 bytes, startup_stm32f10x_hd.o(.text))
<BR>[Address Reference Count : 1]<UL><LI> startup_stm32f10x_hd.o(RESET)
</UL>
<P><STRONG><a name="[65]"></a>SPI1_IRQHandler</STRONG> (Thumb, 0 bytes, Stack size 0 bytes, startup_stm32f10x_hd.o(.text))
<BR>[Address Reference Count : 1]<UL><LI> startup_stm32f10x_hd.o(RESET)
</UL>
<P><STRONG><a name="[66]"></a>SPI2_IRQHandler</STRONG> (Thumb, 0 bytes, Stack size 0 bytes, startup_stm32f10x_hd.o(.text))
<BR>[Address Reference Count : 1]<UL><LI> startup_stm32f10x_hd.o(RESET)
</UL>
<P><STRONG><a name="[75]"></a>SPI3_IRQHandler</STRONG> (Thumb, 0 bytes, Stack size 0 bytes, startup_stm32f10x_hd.o(.text))
<BR>[Address Reference Count : 1]<UL><LI> startup_stm32f10x_hd.o(RESET)
</UL>
<P><STRONG><a name="[44]"></a>TAMPER_IRQHandler</STRONG> (Thumb, 0 bytes, Stack size 0 bytes, startup_stm32f10x_hd.o(.text))
<BR>[Address Reference Count : 1]<UL><LI> startup_stm32f10x_hd.o(RESET)
</UL>
<P><STRONG><a name="[5a]"></a>TIM1_BRK_IRQHandler</STRONG> (Thumb, 0 bytes, Stack size 0 bytes, startup_stm32f10x_hd.o(.text))
<BR>[Address Reference Count : 1]<UL><LI> startup_stm32f10x_hd.o(RESET)
</UL>
<P><STRONG><a name="[5d]"></a>TIM1_CC_IRQHandler</STRONG> (Thumb, 0 bytes, Stack size 0 bytes, startup_stm32f10x_hd.o(.text))
<BR>[Address Reference Count : 1]<UL><LI> startup_stm32f10x_hd.o(RESET)
</UL>
<P><STRONG><a name="[5c]"></a>TIM1_TRG_COM_IRQHandler</STRONG> (Thumb, 0 bytes, Stack size 0 bytes, startup_stm32f10x_hd.o(.text))
<BR>[Address Reference Count : 1]<UL><LI> startup_stm32f10x_hd.o(RESET)
</UL>
<P><STRONG><a name="[5b]"></a>TIM1_UP_IRQHandler</STRONG> (Thumb, 0 bytes, Stack size 0 bytes, startup_stm32f10x_hd.o(.text))
<BR>[Address Reference Count : 1]<UL><LI> startup_stm32f10x_hd.o(RESET)
</UL>
<P><STRONG><a name="[6d]"></a>TIM8_BRK_IRQHandler</STRONG> (Thumb, 0 bytes, Stack size 0 bytes, startup_stm32f10x_hd.o(.text))
<BR>[Address Reference Count : 1]<UL><LI> startup_stm32f10x_hd.o(RESET)
</UL>
<P><STRONG><a name="[70]"></a>TIM8_CC_IRQHandler</STRONG> (Thumb, 0 bytes, Stack size 0 bytes, startup_stm32f10x_hd.o(.text))
<BR>[Address Reference Count : 1]<UL><LI> startup_stm32f10x_hd.o(RESET)
</UL>
<P><STRONG><a name="[6f]"></a>TIM8_TRG_COM_IRQHandler</STRONG> (Thumb, 0 bytes, Stack size 0 bytes, startup_stm32f10x_hd.o(.text))
<BR>[Address Reference Count : 1]<UL><LI> startup_stm32f10x_hd.o(RESET)
</UL>
<P><STRONG><a name="[6e]"></a>TIM8_UP_IRQHandler</STRONG> (Thumb, 0 bytes, Stack size 0 bytes, startup_stm32f10x_hd.o(.text))
<BR>[Address Reference Count : 1]<UL><LI> startup_stm32f10x_hd.o(RESET)
</UL>
<P><STRONG><a name="[76]"></a>UART4_IRQHandler</STRONG> (Thumb, 0 bytes, Stack size 0 bytes, startup_stm32f10x_hd.o(.text))
<BR>[Address Reference Count : 1]<UL><LI> startup_stm32f10x_hd.o(RESET)
</UL>
<P><STRONG><a name="[77]"></a>UART5_IRQHandler</STRONG> (Thumb, 0 bytes, Stack size 0 bytes, startup_stm32f10x_hd.o(.text))
<BR>[Address Reference Count : 1]<UL><LI> startup_stm32f10x_hd.o(RESET)
</UL>
<P><STRONG><a name="[68]"></a>USART2_IRQHandler</STRONG> (Thumb, 0 bytes, Stack size 0 bytes, startup_stm32f10x_hd.o(.text))
<BR>[Address Reference Count : 1]<UL><LI> startup_stm32f10x_hd.o(RESET)
</UL>
<P><STRONG><a name="[55]"></a>USB_HP_CAN1_TX_IRQHandler</STRONG> (Thumb, 0 bytes, Stack size 0 bytes, startup_stm32f10x_hd.o(.text))
<BR>[Address Reference Count : 1]<UL><LI> startup_stm32f10x_hd.o(RESET)
</UL>
<P><STRONG><a name="[42]"></a>WWDG_IRQHandler</STRONG> (Thumb, 0 bytes, Stack size 0 bytes, startup_stm32f10x_hd.o(.text))
<BR>[Address Reference Count : 1]<UL><LI> startup_stm32f10x_hd.o(RESET)
</UL>
<P><STRONG><a name="[121]"></a>__user_initial_stackheap</STRONG> (Thumb, 0 bytes, Stack size unknown bytes, startup_stm32f10x_hd.o(.text))
<BR><BR>[Called By]<UL><LI><a href="#[cb]">&gt;&gt;</a>&nbsp;&nbsp;&nbsp;__user_setup_stackheap
</UL>

<P><STRONG><a name="[21a]"></a>OS_CPU_SR_Save</STRONG> (Thumb, 0 bytes, Stack size unknown bytes, os_cpu_a.o(.text))
<BR><BR>[Called By]<UL><LI><a href="#[231]">&gt;&gt;</a>&nbsp;&nbsp;&nbsp;OSTimeTick
<LI><a href="#[224]">&gt;&gt;</a>&nbsp;&nbsp;&nbsp;OSTimeDly
<LI><a href="#[21f]">&gt;&gt;</a>&nbsp;&nbsp;&nbsp;OSSchedUnlock
<LI><a href="#[21e]">&gt;&gt;</a>&nbsp;&nbsp;&nbsp;OSSchedLock
<LI><a href="#[197]">&gt;&gt;</a>&nbsp;&nbsp;&nbsp;OSIntExit
<LI><a href="#[41f]">&gt;&gt;</a>&nbsp;&nbsp;&nbsp;slcd_frame_show
<LI><a href="#[230]">&gt;&gt;</a>&nbsp;&nbsp;&nbsp;OSTaskSuspend
<LI><a href="#[225]">&gt;&gt;</a>&nbsp;&nbsp;&nbsp;OSTaskCreate
<LI><a href="#[223]">&gt;&gt;</a>&nbsp;&nbsp;&nbsp;OSStatInit
<LI><a href="#[9e]">&gt;&gt;</a>&nbsp;&nbsp;&nbsp;watch_task
<LI><a href="#[98]">&gt;&gt;</a>&nbsp;&nbsp;&nbsp;start_task
<LI><a href="#[1d9]">&gt;&gt;</a>&nbsp;&nbsp;&nbsp;W25QXX_Write
<LI><a href="#[1ad]">&gt;&gt;</a>&nbsp;&nbsp;&nbsp;W25QXX_Read
<LI><a href="#[462]">&gt;&gt;</a>&nbsp;&nbsp;&nbsp;phone_incall_task_creat
<LI><a href="#[47b]">&gt;&gt;</a>&nbsp;&nbsp;&nbsp;sim900a_unigbk_exchange
<LI><a href="#[3ac]">&gt;&gt;</a>&nbsp;&nbsp;&nbsp;ff_enter
<LI><a href="#[22e]">&gt;&gt;</a>&nbsp;&nbsp;&nbsp;OSTaskResume
<LI><a href="#[318]">&gt;&gt;</a>&nbsp;&nbsp;&nbsp;sysset_save_para
<LI><a href="#[319]">&gt;&gt;</a>&nbsp;&nbsp;&nbsp;calendar_save_para
<LI><a href="#[229]">&gt;&gt;</a>&nbsp;&nbsp;&nbsp;OSTaskDel
<LI><a href="#[22f]">&gt;&gt;</a>&nbsp;&nbsp;&nbsp;OSTaskStkChk
<LI><a href="#[218]">&gt;&gt;</a>&nbsp;&nbsp;&nbsp;OSTaskNameSet
<LI><a href="#[217]">&gt;&gt;</a>&nbsp;&nbsp;&nbsp;OSTaskCreateExt
<LI><a href="#[8d]">&gt;&gt;</a>&nbsp;&nbsp;&nbsp;OS_TaskStat
<LI><a href="#[8c]">&gt;&gt;</a>&nbsp;&nbsp;&nbsp;OS_TaskIdle
<LI><a href="#[227]">&gt;&gt;</a>&nbsp;&nbsp;&nbsp;OS_TCBInit
<LI><a href="#[220]">&gt;&gt;</a>&nbsp;&nbsp;&nbsp;OS_Sched
</UL>

<P><STRONG><a name="[21d]"></a>OS_CPU_SR_Restore</STRONG> (Thumb, 0 bytes, Stack size unknown bytes, os_cpu_a.o(.text))
<BR><BR>[Called By]<UL><LI><a href="#[231]">&gt;&gt;</a>&nbsp;&nbsp;&nbsp;OSTimeTick
<LI><a href="#[224]">&gt;&gt;</a>&nbsp;&nbsp;&nbsp;OSTimeDly
<LI><a href="#[21f]">&gt;&gt;</a>&nbsp;&nbsp;&nbsp;OSSchedUnlock
<LI><a href="#[21e]">&gt;&gt;</a>&nbsp;&nbsp;&nbsp;OSSchedLock
<LI><a href="#[197]">&gt;&gt;</a>&nbsp;&nbsp;&nbsp;OSIntExit
<LI><a href="#[41f]">&gt;&gt;</a>&nbsp;&nbsp;&nbsp;slcd_frame_show
<LI><a href="#[230]">&gt;&gt;</a>&nbsp;&nbsp;&nbsp;OSTaskSuspend
<LI><a href="#[225]">&gt;&gt;</a>&nbsp;&nbsp;&nbsp;OSTaskCreate
<LI><a href="#[223]">&gt;&gt;</a>&nbsp;&nbsp;&nbsp;OSStatInit
<LI><a href="#[9e]">&gt;&gt;</a>&nbsp;&nbsp;&nbsp;watch_task
<LI><a href="#[98]">&gt;&gt;</a>&nbsp;&nbsp;&nbsp;start_task
<LI><a href="#[1d9]">&gt;&gt;</a>&nbsp;&nbsp;&nbsp;W25QXX_Write
<LI><a href="#[1ad]">&gt;&gt;</a>&nbsp;&nbsp;&nbsp;W25QXX_Read
<LI><a href="#[462]">&gt;&gt;</a>&nbsp;&nbsp;&nbsp;phone_incall_task_creat
<LI><a href="#[47b]">&gt;&gt;</a>&nbsp;&nbsp;&nbsp;sim900a_unigbk_exchange
<LI><a href="#[3ad]">&gt;&gt;</a>&nbsp;&nbsp;&nbsp;ff_leave
<LI><a href="#[22e]">&gt;&gt;</a>&nbsp;&nbsp;&nbsp;OSTaskResume
<LI><a href="#[318]">&gt;&gt;</a>&nbsp;&nbsp;&nbsp;sysset_save_para
<LI><a href="#[319]">&gt;&gt;</a>&nbsp;&nbsp;&nbsp;calendar_save_para
<LI><a href="#[229]">&gt;&gt;</a>&nbsp;&nbsp;&nbsp;OSTaskDel
<LI><a href="#[22f]">&gt;&gt;</a>&nbsp;&nbsp;&nbsp;OSTaskStkChk
<LI><a href="#[218]">&gt;&gt;</a>&nbsp;&nbsp;&nbsp;OSTaskNameSet
<LI><a href="#[217]">&gt;&gt;</a>&nbsp;&nbsp;&nbsp;OSTaskCreateExt
<LI><a href="#[8d]">&gt;&gt;</a>&nbsp;&nbsp;&nbsp;OS_TaskStat
<LI><a href="#[8c]">&gt;&gt;</a>&nbsp;&nbsp;&nbsp;OS_TaskIdle
<LI><a href="#[227]">&gt;&gt;</a>&nbsp;&nbsp;&nbsp;OS_TCBInit
<LI><a href="#[220]">&gt;&gt;</a>&nbsp;&nbsp;&nbsp;OS_Sched
</UL>

<P><STRONG><a name="[222]"></a>OSStartHighRdy</STRONG> (Thumb, 0 bytes, Stack size unknown bytes, os_cpu_a.o(.text))
<BR><BR>[Called By]<UL><LI><a href="#[221]">&gt;&gt;</a>&nbsp;&nbsp;&nbsp;OSStart
</UL>

<P><STRONG><a name="[234]"></a>OSCtxSw</STRONG> (Thumb, 0 bytes, Stack size unknown bytes, os_cpu_a.o(.text))
<BR><BR>[Called By]<UL><LI><a href="#[220]">&gt;&gt;</a>&nbsp;&nbsp;&nbsp;OS_Sched
</UL>

<P><STRONG><a name="[21c]"></a>OSIntCtxSw</STRONG> (Thumb, 0 bytes, Stack size unknown bytes, os_cpu_a.o(.text))
<BR><BR>[Called By]<UL><LI><a href="#[197]">&gt;&gt;</a>&nbsp;&nbsp;&nbsp;OSIntExit
</UL>

<P><STRONG><a name="[40]"></a>PendSV_Handler</STRONG> (Thumb, 0 bytes, Stack size unknown bytes, os_cpu_a.o(.text))
<BR>[Address Reference Count : 1]<UL><LI> startup_stm32f10x_hd.o(RESET)
</UL>
<P><STRONG><a name="[d5]"></a>alientek_ncr_stop</STRONG> (Thumb, 60 bytes, Stack size 8 bytes, recognition.o(.text))
<BR><BR>[Stack]<UL><LI>Max Depth = 24<LI>Call Chain = alientek_ncr_stop &rArr; alientek_ncr_free &rArr; myfree &rArr; my_mem_free
</UL>
<BR>[Calls]<UL><LI><a href="#[d6]">&gt;&gt;</a>&nbsp;&nbsp;&nbsp;alientek_ncr_free
</UL>
<BR>[Called By]<UL><LI><a href="#[454]">&gt;&gt;</a>&nbsp;&nbsp;&nbsp;t9_delete
<LI><a href="#[d7]">&gt;&gt;</a>&nbsp;&nbsp;&nbsp;alientek_ncr_init
<LI><a href="#[4b6]">&gt;&gt;</a>&nbsp;&nbsp;&nbsp;t9_set_inputtype
</UL>

<P><STRONG><a name="[d7]"></a>alientek_ncr_init</STRONG> (Thumb, 148 bytes, Stack size 8 bytes, recognition.o(.text))
<BR><BR>[Stack]<UL><LI>Max Depth = 40<LI>Call Chain = alientek_ncr_init &rArr; alientek_ncr_malloc &rArr; mymalloc &rArr; my_mem_malloc
</UL>
<BR>[Calls]<UL><LI><a href="#[d8]">&gt;&gt;</a>&nbsp;&nbsp;&nbsp;alientek_ncr_malloc
<LI><a href="#[d5]">&gt;&gt;</a>&nbsp;&nbsp;&nbsp;alientek_ncr_stop
</UL>
<BR>[Called By]<UL><LI><a href="#[4b6]">&gt;&gt;</a>&nbsp;&nbsp;&nbsp;t9_set_inputtype
</UL>

<P><STRONG><a name="[d9]"></a>QuickSort</STRONG> (Thumb, 188 bytes, Stack size 32 bytes, recognition.o(.text))
<BR><BR>[Stack]<UL><LI>Max Depth = 48 + In Cycle
<LI>Call Chain = QuickSort &rArr;  QuickSort (Cycle)
</UL>
<BR>[Calls]<UL><LI><a href="#[d9]">&gt;&gt;</a>&nbsp;&nbsp;&nbsp;QuickSort
<LI><a href="#[db]">&gt;&gt;</a>&nbsp;&nbsp;&nbsp;__aeabi_cfcmple
<LI><a href="#[dc]">&gt;&gt;</a>&nbsp;&nbsp;&nbsp;__aeabi_i2f
<LI><a href="#[da]">&gt;&gt;</a>&nbsp;&nbsp;&nbsp;__aeabi_f2iz
</UL>
<BR>[Called By]<UL><LI><a href="#[ed]">&gt;&gt;</a>&nbsp;&nbsp;&nbsp;recog
<LI><a href="#[d9]">&gt;&gt;</a>&nbsp;&nbsp;&nbsp;QuickSort
</UL>

<P><STRONG><a name="[dd]"></a>matrix_multiplication</STRONG> (Thumb, 108 bytes, Stack size 40 bytes, recognition.o(.text))
<BR><BR>[Stack]<UL><LI>Max Depth = 56<LI>Call Chain = matrix_multiplication &rArr; __aeabi_fmul
</UL>
<BR>[Calls]<UL><LI><a href="#[de]">&gt;&gt;</a>&nbsp;&nbsp;&nbsp;__aeabi_fmul
<LI><a href="#[df]">&gt;&gt;</a>&nbsp;&nbsp;&nbsp;__aeabi_fadd
</UL>
<BR>[Called By]<UL><LI><a href="#[ed]">&gt;&gt;</a>&nbsp;&nbsp;&nbsp;recog
</UL>

<P><STRONG><a name="[e5]"></a>CalcDirect</STRONG> (Thumb, 266 bytes, Stack size 0 bytes, recognition.o(.text))
<BR><BR>[Called By]<UL><LI><a href="#[e3]">&gt;&gt;</a>&nbsp;&nbsp;&nbsp;FeaExtractByGradient
</UL>

<P><STRONG><a name="[e4]"></a>GetPot</STRONG> (Thumb, 58 bytes, Stack size 12 bytes, recognition.o(.text))
<BR><BR>[Stack]<UL><LI>Max Depth = 12<LI>Call Chain = GetPot
</UL>
<BR>[Called By]<UL><LI><a href="#[e3]">&gt;&gt;</a>&nbsp;&nbsp;&nbsp;FeaExtractByGradient
</UL>

<P><STRONG><a name="[e0]"></a>OverallElasticMesh</STRONG> (Thumb, 526 bytes, Stack size 48 bytes, recognition.o(.text))
<BR><BR>[Stack]<UL><LI>Max Depth = 64<LI>Call Chain = OverallElasticMesh &rArr; __aeabi_fmul
</UL>
<BR>[Calls]<UL><LI><a href="#[e1]">&gt;&gt;</a>&nbsp;&nbsp;&nbsp;alientek_ncr_memset
<LI><a href="#[de]">&gt;&gt;</a>&nbsp;&nbsp;&nbsp;__aeabi_fmul
<LI><a href="#[db]">&gt;&gt;</a>&nbsp;&nbsp;&nbsp;__aeabi_cfcmple
<LI><a href="#[dc]">&gt;&gt;</a>&nbsp;&nbsp;&nbsp;__aeabi_i2f
<LI><a href="#[e2]">&gt;&gt;</a>&nbsp;&nbsp;&nbsp;__aeabi_fdiv
<LI><a href="#[df]">&gt;&gt;</a>&nbsp;&nbsp;&nbsp;__aeabi_fadd
</UL>
<BR>[Called By]<UL><LI><a href="#[e3]">&gt;&gt;</a>&nbsp;&nbsp;&nbsp;FeaExtractByGradient
</UL>

<P><STRONG><a name="[e3]"></a>FeaExtractByGradient</STRONG> (Thumb, 1888 bytes, Stack size 104 bytes, recognition.o(.text))
<BR><BR>[Stack]<UL><LI>Max Depth = 176<LI>Call Chain = FeaExtractByGradient &rArr; powf &rArr; _ffix_r &rArr; __fpl_fnaninf
</UL>
<BR>[Calls]<UL><LI><a href="#[e1]">&gt;&gt;</a>&nbsp;&nbsp;&nbsp;alientek_ncr_memset
<LI><a href="#[e0]">&gt;&gt;</a>&nbsp;&nbsp;&nbsp;OverallElasticMesh
<LI><a href="#[e4]">&gt;&gt;</a>&nbsp;&nbsp;&nbsp;GetPot
<LI><a href="#[e5]">&gt;&gt;</a>&nbsp;&nbsp;&nbsp;CalcDirect
<LI><a href="#[e6]">&gt;&gt;</a>&nbsp;&nbsp;&nbsp;powf
<LI><a href="#[de]">&gt;&gt;</a>&nbsp;&nbsp;&nbsp;__aeabi_fmul
<LI><a href="#[dc]">&gt;&gt;</a>&nbsp;&nbsp;&nbsp;__aeabi_i2f
<LI><a href="#[df]">&gt;&gt;</a>&nbsp;&nbsp;&nbsp;__aeabi_fadd
</UL>
<BR>[Called By]<UL><LI><a href="#[ed]">&gt;&gt;</a>&nbsp;&nbsp;&nbsp;recog
</UL>

<P><STRONG><a name="[e7]"></a>DDA_IMAGE</STRONG> (Thumb, 1352 bytes, Stack size 96 bytes, recognition.o(.text))
<BR><BR>[Stack]<UL><LI>Max Depth = 128<LI>Call Chain = DDA_IMAGE &rArr; __aeabi_cdcmple
</UL>
<BR>[Calls]<UL><LI><a href="#[de]">&gt;&gt;</a>&nbsp;&nbsp;&nbsp;__aeabi_fmul
<LI><a href="#[dc]">&gt;&gt;</a>&nbsp;&nbsp;&nbsp;__aeabi_i2f
<LI><a href="#[da]">&gt;&gt;</a>&nbsp;&nbsp;&nbsp;__aeabi_f2iz
<LI><a href="#[e2]">&gt;&gt;</a>&nbsp;&nbsp;&nbsp;__aeabi_fdiv
<LI><a href="#[e8]">&gt;&gt;</a>&nbsp;&nbsp;&nbsp;__aeabi_f2d
<LI><a href="#[e9]">&gt;&gt;</a>&nbsp;&nbsp;&nbsp;__aeabi_cdcmple
</UL>
<BR>[Called By]<UL><LI><a href="#[ed]">&gt;&gt;</a>&nbsp;&nbsp;&nbsp;recog
</UL>

<P><STRONG><a name="[ee]"></a>LinearNorm_data</STRONG> (Thumb, 276 bytes, Stack size 36 bytes, recognition.o(.text))
<BR><BR>[Stack]<UL><LI>Max Depth = 36<LI>Call Chain = LinearNorm_data
</UL>
<BR>[Called By]<UL><LI><a href="#[ed]">&gt;&gt;</a>&nbsp;&nbsp;&nbsp;recog
</UL>

<P><STRONG><a name="[ea]"></a>DDA_atk_ncr_point</STRONG> (Thumb, 568 bytes, Stack size 64 bytes, recognition.o(.text))
<BR><BR>[Stack]<UL><LI>Max Depth = 96<LI>Call Chain = DDA_atk_ncr_point &rArr; __aeabi_cdcmple
</UL>
<BR>[Calls]<UL><LI><a href="#[de]">&gt;&gt;</a>&nbsp;&nbsp;&nbsp;__aeabi_fmul
<LI><a href="#[dc]">&gt;&gt;</a>&nbsp;&nbsp;&nbsp;__aeabi_i2f
<LI><a href="#[da]">&gt;&gt;</a>&nbsp;&nbsp;&nbsp;__aeabi_f2iz
<LI><a href="#[e2]">&gt;&gt;</a>&nbsp;&nbsp;&nbsp;__aeabi_fdiv
<LI><a href="#[e8]">&gt;&gt;</a>&nbsp;&nbsp;&nbsp;__aeabi_f2d
<LI><a href="#[e9]">&gt;&gt;</a>&nbsp;&nbsp;&nbsp;__aeabi_cdcmple
</UL>
<BR>[Called By]<UL><LI><a href="#[ed]">&gt;&gt;</a>&nbsp;&nbsp;&nbsp;recog
</UL>

<P><STRONG><a name="[eb]"></a>SmoothFilter</STRONG> (Thumb, 206 bytes, Stack size 40 bytes, recognition.o(.text))
<BR><BR>[Stack]<UL><LI>Max Depth = 72<LI>Call Chain = SmoothFilter &rArr; alientek_ncr_malloc &rArr; mymalloc &rArr; my_mem_malloc
</UL>
<BR>[Calls]<UL><LI><a href="#[d8]">&gt;&gt;</a>&nbsp;&nbsp;&nbsp;alientek_ncr_malloc
<LI><a href="#[d6]">&gt;&gt;</a>&nbsp;&nbsp;&nbsp;alientek_ncr_free
<LI><a href="#[ec]">&gt;&gt;</a>&nbsp;&nbsp;&nbsp;__aeabi_memcpy
</UL>
<BR>[Called By]<UL><LI><a href="#[ed]">&gt;&gt;</a>&nbsp;&nbsp;&nbsp;recog
</UL>

<P><STRONG><a name="[ed]"></a>recog</STRONG> (Thumb, 712 bytes, Stack size 120 bytes, recognition.o(.text))
<BR><BR>[Stack]<UL><LI>Max Depth = 296<LI>Call Chain = recog &rArr; FeaExtractByGradient &rArr; powf &rArr; _ffix_r &rArr; __fpl_fnaninf
</UL>
<BR>[Calls]<UL><LI><a href="#[e1]">&gt;&gt;</a>&nbsp;&nbsp;&nbsp;alientek_ncr_memset
<LI><a href="#[d8]">&gt;&gt;</a>&nbsp;&nbsp;&nbsp;alientek_ncr_malloc
<LI><a href="#[d6]">&gt;&gt;</a>&nbsp;&nbsp;&nbsp;alientek_ncr_free
<LI><a href="#[eb]">&gt;&gt;</a>&nbsp;&nbsp;&nbsp;SmoothFilter
<LI><a href="#[ea]">&gt;&gt;</a>&nbsp;&nbsp;&nbsp;DDA_atk_ncr_point
<LI><a href="#[ee]">&gt;&gt;</a>&nbsp;&nbsp;&nbsp;LinearNorm_data
<LI><a href="#[e7]">&gt;&gt;</a>&nbsp;&nbsp;&nbsp;DDA_IMAGE
<LI><a href="#[e3]">&gt;&gt;</a>&nbsp;&nbsp;&nbsp;FeaExtractByGradient
<LI><a href="#[dd]">&gt;&gt;</a>&nbsp;&nbsp;&nbsp;matrix_multiplication
<LI><a href="#[d9]">&gt;&gt;</a>&nbsp;&nbsp;&nbsp;QuickSort
<LI><a href="#[de]">&gt;&gt;</a>&nbsp;&nbsp;&nbsp;__aeabi_fmul
<LI><a href="#[dc]">&gt;&gt;</a>&nbsp;&nbsp;&nbsp;__aeabi_i2f
<LI><a href="#[da]">&gt;&gt;</a>&nbsp;&nbsp;&nbsp;__aeabi_f2iz
<LI><a href="#[ef]">&gt;&gt;</a>&nbsp;&nbsp;&nbsp;__aeabi_fsub
<LI><a href="#[df]">&gt;&gt;</a>&nbsp;&nbsp;&nbsp;__aeabi_fadd
<LI><a href="#[ec]">&gt;&gt;</a>&nbsp;&nbsp;&nbsp;__aeabi_memcpy
</UL>
<BR>[Called By]<UL><LI><a href="#[f0]">&gt;&gt;</a>&nbsp;&nbsp;&nbsp;alientek_ncr
</UL>

<P><STRONG><a name="[f0]"></a>alientek_ncr</STRONG> (Thumb, 250 bytes, Stack size 40 bytes, recognition.o(.text))
<BR><BR>[Stack]<UL><LI>Max Depth = 336<LI>Call Chain = alientek_ncr &rArr; recog &rArr; FeaExtractByGradient &rArr; powf &rArr; _ffix_r &rArr; __fpl_fnaninf
</UL>
<BR>[Calls]<UL><LI><a href="#[ed]">&gt;&gt;</a>&nbsp;&nbsp;&nbsp;recog
</UL>
<BR>[Called By]<UL><LI><a href="#[453]">&gt;&gt;</a>&nbsp;&nbsp;&nbsp;t9_check
</UL>

<P><STRONG><a name="[528]"></a>ExtractPoint</STRONG> (Thumb, 498 bytes, Stack size 40 bytes, recognition.o(.text), UNUSED)

<P><STRONG><a name="[529]"></a>__use_no_semihosting</STRONG> (Thumb, 2 bytes, Stack size 0 bytes, use_no_semi_2.o(.text), UNUSED)

<P><STRONG><a name="[f2]"></a>__aeabi_uldivmod</STRONG> (Thumb, 0 bytes, Stack size 48 bytes, lludivv7m.o(.text))
<BR><BR>[Stack]<UL><LI>Max Depth = 48<LI>Call Chain = __aeabi_uldivmod
</UL>
<BR>[Called By]<UL><LI><a href="#[f1]">&gt;&gt;</a>&nbsp;&nbsp;&nbsp;_ll_sdiv
<LI><a href="#[271]">&gt;&gt;</a>&nbsp;&nbsp;&nbsp;Write_Memory
</UL>

<P><STRONG><a name="[52a]"></a>_ll_udiv</STRONG> (Thumb, 238 bytes, Stack size 48 bytes, lludivv7m.o(.text), UNUSED)

<P><STRONG><a name="[2f4]"></a>__aeabi_ldivmod</STRONG> (Thumb, 0 bytes, Stack size 8 bytes, llsdiv.o(.text))
<BR><BR>[Stack]<UL><LI>Max Depth = 8<LI>Call Chain = __aeabi_ldivmod
</UL>
<BR>[Called By]<UL><LI><a href="#[425]">&gt;&gt;</a>&nbsp;&nbsp;&nbsp;usb_play
<LI><a href="#[3f7]">&gt;&gt;</a>&nbsp;&nbsp;&nbsp;get_st_biases
<LI><a href="#[386]">&gt;&gt;</a>&nbsp;&nbsp;&nbsp;disk_ioctl
<LI><a href="#[3ef]">&gt;&gt;</a>&nbsp;&nbsp;&nbsp;gui_num2str
<LI><a href="#[31c]">&gt;&gt;</a>&nbsp;&nbsp;&nbsp;gui_show_num
<LI><a href="#[31b]">&gt;&gt;</a>&nbsp;&nbsp;&nbsp;app_show_float
<LI><a href="#[2f3]">&gt;&gt;</a>&nbsp;&nbsp;&nbsp;app_get_numlen
<LI><a href="#[471]">&gt;&gt;</a>&nbsp;&nbsp;&nbsp;progressbar_show_percnt
</UL>

<P><STRONG><a name="[f1]"></a>_ll_sdiv</STRONG> (Thumb, 72 bytes, Stack size 8 bytes, llsdiv.o(.text), UNUSED)
<BR><BR>[Calls]<UL><LI><a href="#[f2]">&gt;&gt;</a>&nbsp;&nbsp;&nbsp;__aeabi_uldivmod
</UL>

<P><STRONG><a name="[f3]"></a>__c89vsprintf</STRONG> (Thumb, 32 bytes, Stack size 16 bytes, c89vsprintf.o(.text))
<BR><BR>[Stack]<UL><LI>Max Depth = 120 + Unknown Stack Size
<LI>Call Chain = __c89vsprintf &rArr; _printf_char_common &rArr; __printf
</UL>
<BR>[Calls]<UL><LI><a href="#[81]">&gt;&gt;</a>&nbsp;&nbsp;&nbsp;_sputc
<LI><a href="#[f4]">&gt;&gt;</a>&nbsp;&nbsp;&nbsp;_printf_char_common
</UL>
<BR>[Called By]<UL><LI><a href="#[466]">&gt;&gt;</a>&nbsp;&nbsp;&nbsp;u3_printf
</UL>

<P><STRONG><a name="[f5]"></a>__2printf</STRONG> (Thumb, 20 bytes, Stack size 24 bytes, __2printf.o(.text))
<BR><BR>[Stack]<UL><LI>Max Depth = 144 + Unknown Stack Size
<LI>Call Chain = __2printf &rArr; _printf_char_file &rArr; _printf_char_common &rArr; __printf
</UL>
<BR>[Calls]<UL><LI><a href="#[f6]">&gt;&gt;</a>&nbsp;&nbsp;&nbsp;_printf_char_file
</UL>
<BR>[Called By]<UL><LI><a href="#[422]">&gt;&gt;</a>&nbsp;&nbsp;&nbsp;sysset_play
<LI><a href="#[478]">&gt;&gt;</a>&nbsp;&nbsp;&nbsp;sim900a_cmsgin_check
<LI><a href="#[328]">&gt;&gt;</a>&nbsp;&nbsp;&nbsp;app_system_update
<LI><a href="#[320]">&gt;&gt;</a>&nbsp;&nbsp;&nbsp;app_system_file_check
<LI><a href="#[a0]">&gt;&gt;</a>&nbsp;&nbsp;&nbsp;app_boot_cpdmsg
<LI><a href="#[2ad]">&gt;&gt;</a>&nbsp;&nbsp;&nbsp;TPAD_Init
<LI><a href="#[1c4]">&gt;&gt;</a>&nbsp;&nbsp;&nbsp;LCD_Init
<LI><a href="#[9d]">&gt;&gt;</a>&nbsp;&nbsp;&nbsp;usart_task
<LI><a href="#[3a]">&gt;&gt;</a>&nbsp;&nbsp;&nbsp;HardFault_Handler
<LI><a href="#[241]">&gt;&gt;</a>&nbsp;&nbsp;&nbsp;OV7725_Init
<LI><a href="#[45]">&gt;&gt;</a>&nbsp;&nbsp;&nbsp;RTC_IRQHandler
<LI><a href="#[23a]">&gt;&gt;</a>&nbsp;&nbsp;&nbsp;OTT2001A_Init
<LI><a href="#[1a3]">&gt;&gt;</a>&nbsp;&nbsp;&nbsp;GT9147_Init
<LI><a href="#[199]">&gt;&gt;</a>&nbsp;&nbsp;&nbsp;FT5206_Init
<LI><a href="#[5f]">&gt;&gt;</a>&nbsp;&nbsp;&nbsp;TIM3_IRQHandler
<LI><a href="#[2c8]">&gt;&gt;</a>&nbsp;&nbsp;&nbsp;W25QXX_Erase_Sector
<LI><a href="#[43c]">&gt;&gt;</a>&nbsp;&nbsp;&nbsp;mpu_init
<LI><a href="#[466]">&gt;&gt;</a>&nbsp;&nbsp;&nbsp;u3_printf
<LI><a href="#[3ac]">&gt;&gt;</a>&nbsp;&nbsp;&nbsp;ff_enter
<LI><a href="#[387]">&gt;&gt;</a>&nbsp;&nbsp;&nbsp;disk_read
<LI><a href="#[12]">&gt;&gt;</a>&nbsp;&nbsp;&nbsp;mf_write
<LI><a href="#[16]">&gt;&gt;</a>&nbsp;&nbsp;&nbsp;mf_showfree
<LI><a href="#[15]">&gt;&gt;</a>&nbsp;&nbsp;&nbsp;mf_scan_files
<LI><a href="#[14]">&gt;&gt;</a>&nbsp;&nbsp;&nbsp;mf_readdir
<LI><a href="#[11]">&gt;&gt;</a>&nbsp;&nbsp;&nbsp;mf_read
<LI><a href="#[4d4]">&gt;&gt;</a>&nbsp;&nbsp;&nbsp;usmart_sys_cmd_exe
<LI><a href="#[24]">&gt;&gt;</a>&nbsp;&nbsp;&nbsp;usmart_scan
<LI><a href="#[23]">&gt;&gt;</a>&nbsp;&nbsp;&nbsp;usmart_exe
<LI><a href="#[31a]">&gt;&gt;</a>&nbsp;&nbsp;&nbsp;calendar_alarm_init
<LI><a href="#[1e5]">&gt;&gt;</a>&nbsp;&nbsp;&nbsp;USB_NotConfigured_LED
<LI><a href="#[246]">&gt;&gt;</a>&nbsp;&nbsp;&nbsp;USB_Cable_Config
<LI><a href="#[1d3]">&gt;&gt;</a>&nbsp;&nbsp;&nbsp;Leave_LowPowerMode
<LI><a href="#[198]">&gt;&gt;</a>&nbsp;&nbsp;&nbsp;Enter_LowPowerMode
</UL>

<P><STRONG><a name="[f7]"></a>__2sprintf</STRONG> (Thumb, 38 bytes, Stack size 32 bytes, __2sprintf.o(.text))
<BR><BR>[Stack]<UL><LI>Max Depth = 136 + Unknown Stack Size
<LI>Call Chain = __2sprintf &rArr; _printf_char_common &rArr; __printf
</UL>
<BR>[Calls]<UL><LI><a href="#[81]">&gt;&gt;</a>&nbsp;&nbsp;&nbsp;_sputc
<LI><a href="#[f4]">&gt;&gt;</a>&nbsp;&nbsp;&nbsp;_printf_char_common
</UL>
<BR>[Called By]<UL><LI><a href="#[428]">&gt;&gt;</a>&nbsp;&nbsp;&nbsp;sms_play
<LI><a href="#[328]">&gt;&gt;</a>&nbsp;&nbsp;&nbsp;app_system_update
<LI><a href="#[41c]">&gt;&gt;</a>&nbsp;&nbsp;&nbsp;system_init
<LI><a href="#[351]">&gt;&gt;</a>&nbsp;&nbsp;&nbsp;calc_fmt_show
<LI><a href="#[366]">&gt;&gt;</a>&nbsp;&nbsp;&nbsp;camera_new_pathname
<LI><a href="#[456]">&gt;&gt;</a>&nbsp;&nbsp;&nbsp;paint_new_pathname
<LI><a href="#[450]">&gt;&gt;</a>&nbsp;&nbsp;&nbsp;notepad_new_pathname
<LI><a href="#[4a1]">&gt;&gt;</a>&nbsp;&nbsp;&nbsp;sysset_system_about
<LI><a href="#[49a]">&gt;&gt;</a>&nbsp;&nbsp;&nbsp;sysset_bklight_set
<LI><a href="#[331]">&gt;&gt;</a>&nbsp;&nbsp;&nbsp;gyro_circle_yaw
<LI><a href="#[330]">&gt;&gt;</a>&nbsp;&nbsp;&nbsp;gyro_circle_roll
<LI><a href="#[32f]">&gt;&gt;</a>&nbsp;&nbsp;&nbsp;gyro_circle_pitch
<LI><a href="#[48d]">&gt;&gt;</a>&nbsp;&nbsp;&nbsp;sms_send_sms
<LI><a href="#[48c]">&gt;&gt;</a>&nbsp;&nbsp;&nbsp;sms_read_sms
<LI><a href="#[482]">&gt;&gt;</a>&nbsp;&nbsp;&nbsp;sms_delete_sms
<LI><a href="#[465]">&gt;&gt;</a>&nbsp;&nbsp;&nbsp;phone_show_time
<LI><a href="#[99]">&gt;&gt;</a>&nbsp;&nbsp;&nbsp;phone_incall_task
<LI><a href="#[34f]">&gt;&gt;</a>&nbsp;&nbsp;&nbsp;calc_show_res
</UL>

<P><STRONG><a name="[f9]"></a>_printf_pre_padding</STRONG> (Thumb, 44 bytes, Stack size 16 bytes, _printf_pad.o(.text))
<BR><BR>[Stack]<UL><LI>Max Depth = 16<LI>Call Chain = _printf_pre_padding
</UL>
<BR>[Called By]<UL><LI><a href="#[f8]">&gt;&gt;</a>&nbsp;&nbsp;&nbsp;_printf_str
<LI><a href="#[115]">&gt;&gt;</a>&nbsp;&nbsp;&nbsp;_printf_fp_infnan
<LI><a href="#[118]">&gt;&gt;</a>&nbsp;&nbsp;&nbsp;_printf_wctomb
<LI><a href="#[113]">&gt;&gt;</a>&nbsp;&nbsp;&nbsp;_printf_fp_dec_real
<LI><a href="#[fd]">&gt;&gt;</a>&nbsp;&nbsp;&nbsp;_printf_int_common
</UL>

<P><STRONG><a name="[fa]"></a>_printf_post_padding</STRONG> (Thumb, 34 bytes, Stack size 16 bytes, _printf_pad.o(.text))
<BR><BR>[Stack]<UL><LI>Max Depth = 16<LI>Call Chain = _printf_post_padding
</UL>
<BR>[Called By]<UL><LI><a href="#[f8]">&gt;&gt;</a>&nbsp;&nbsp;&nbsp;_printf_str
<LI><a href="#[115]">&gt;&gt;</a>&nbsp;&nbsp;&nbsp;_printf_fp_infnan
<LI><a href="#[118]">&gt;&gt;</a>&nbsp;&nbsp;&nbsp;_printf_wctomb
<LI><a href="#[113]">&gt;&gt;</a>&nbsp;&nbsp;&nbsp;_printf_fp_dec_real
<LI><a href="#[fd]">&gt;&gt;</a>&nbsp;&nbsp;&nbsp;_printf_int_common
</UL>

<P><STRONG><a name="[f8]"></a>_printf_str</STRONG> (Thumb, 82 bytes, Stack size 16 bytes, _printf_str.o(.text))
<BR><BR>[Stack]<UL><LI>Max Depth = 32<LI>Call Chain = _printf_str &rArr; _printf_post_padding
</UL>
<BR>[Calls]<UL><LI><a href="#[fa]">&gt;&gt;</a>&nbsp;&nbsp;&nbsp;_printf_post_padding
<LI><a href="#[f9]">&gt;&gt;</a>&nbsp;&nbsp;&nbsp;_printf_pre_padding
</UL>
<BR>[Called By]<UL><LI><a href="#[116]">&gt;&gt;</a>&nbsp;&nbsp;&nbsp;_printf_cs_common
</UL>

<P><STRONG><a name="[ae]"></a>_printf_int_dec</STRONG> (Thumb, 104 bytes, Stack size 24 bytes, _printf_dec.o(.text))
<BR><BR>[Stack]<UL><LI>Max Depth = 72<LI>Call Chain = _printf_int_dec &rArr; _printf_int_common &rArr; _printf_post_padding
</UL>
<BR>[Calls]<UL><LI><a href="#[fd]">&gt;&gt;</a>&nbsp;&nbsp;&nbsp;_printf_int_common
<LI><a href="#[fc]">&gt;&gt;</a>&nbsp;&nbsp;&nbsp;_printf_truncate_unsigned
<LI><a href="#[fb]">&gt;&gt;</a>&nbsp;&nbsp;&nbsp;_printf_truncate_signed
</UL>
<BR>[Called By]<UL><LI><a href="#[ad]">&gt;&gt;</a>&nbsp;&nbsp;&nbsp;_printf_i
<LI><a href="#[b0]">&gt;&gt;</a>&nbsp;&nbsp;&nbsp;_printf_u
<LI><a href="#[af]">&gt;&gt;</a>&nbsp;&nbsp;&nbsp;_printf_d
</UL>

<P><STRONG><a name="[fe]"></a>_printf_longlong_hex</STRONG> (Thumb, 86 bytes, Stack size 16 bytes, _printf_hex_int_ll_ptr.o(.text))
<BR><BR>[Stack]<UL><LI>Max Depth = 64<LI>Call Chain = _printf_longlong_hex &rArr; _printf_int_common &rArr; _printf_post_padding
</UL>
<BR>[Calls]<UL><LI><a href="#[fd]">&gt;&gt;</a>&nbsp;&nbsp;&nbsp;_printf_int_common
</UL>
<BR>[Called By]<UL><LI><a href="#[a8]">&gt;&gt;</a>&nbsp;&nbsp;&nbsp;_printf_hex_ptr
<LI><a href="#[bc]">&gt;&gt;</a>&nbsp;&nbsp;&nbsp;_printf_ll_hex
<LI><a href="#[b4]">&gt;&gt;</a>&nbsp;&nbsp;&nbsp;_printf_int_hex
</UL>

<P><STRONG><a name="[b4]"></a>_printf_int_hex</STRONG> (Thumb, 28 bytes, Stack size 16 bytes, _printf_hex_int_ll_ptr.o(.text))
<BR><BR>[Stack]<UL><LI>Max Depth = 80<LI>Call Chain = _printf_int_hex &rArr; _printf_longlong_hex &rArr; _printf_int_common &rArr; _printf_post_padding
</UL>
<BR>[Calls]<UL><LI><a href="#[fc]">&gt;&gt;</a>&nbsp;&nbsp;&nbsp;_printf_truncate_unsigned
<LI><a href="#[fe]">&gt;&gt;</a>&nbsp;&nbsp;&nbsp;_printf_longlong_hex
</UL>
<BR>[Called By]<UL><LI><a href="#[b3]">&gt;&gt;</a>&nbsp;&nbsp;&nbsp;_printf_x
</UL>

<P><STRONG><a name="[bc]"></a>_printf_ll_hex</STRONG> (Thumb, 12 bytes, Stack size 0 bytes, _printf_hex_int_ll_ptr.o(.text))
<BR><BR>[Stack]<UL><LI>Max Depth = 64<LI>Call Chain = _printf_ll_hex &rArr; _printf_longlong_hex &rArr; _printf_int_common &rArr; _printf_post_padding
</UL>
<BR>[Calls]<UL><LI><a href="#[fe]">&gt;&gt;</a>&nbsp;&nbsp;&nbsp;_printf_longlong_hex
</UL>
<BR>[Called By]<UL><LI><a href="#[bb]">&gt;&gt;</a>&nbsp;&nbsp;&nbsp;_printf_llx
</UL>

<P><STRONG><a name="[a8]"></a>_printf_hex_ptr</STRONG> (Thumb, 18 bytes, Stack size 0 bytes, _printf_hex_int_ll_ptr.o(.text))
<BR><BR>[Stack]<UL><LI>Max Depth = 64<LI>Call Chain = _printf_hex_ptr &rArr; _printf_longlong_hex &rArr; _printf_int_common &rArr; _printf_post_padding
</UL>
<BR>[Calls]<UL><LI><a href="#[fe]">&gt;&gt;</a>&nbsp;&nbsp;&nbsp;_printf_longlong_hex
</UL>
<BR>[Called By]<UL><LI><a href="#[a7]">&gt;&gt;</a>&nbsp;&nbsp;&nbsp;_printf_p
</UL>

<P><STRONG><a name="[ff]"></a>__printf</STRONG> (Thumb, 388 bytes, Stack size 40 bytes, __printf_flags_ss_wp.o(.text))
<BR><BR>[Stack]<UL><LI>Max Depth = 40 + Unknown Stack Size
<LI>Call Chain = __printf
</UL>
<BR>[Calls]<UL><LI><a href="#[101]">&gt;&gt;</a>&nbsp;&nbsp;&nbsp;_printf_percent
<LI><a href="#[100]">&gt;&gt;</a>&nbsp;&nbsp;&nbsp;_is_digit
</UL>
<BR>[Called By]<UL><LI><a href="#[f4]">&gt;&gt;</a>&nbsp;&nbsp;&nbsp;_printf_char_common
</UL>

<P><STRONG><a name="[30c]"></a>strstr</STRONG> (Thumb, 36 bytes, Stack size 12 bytes, strstr.o(.text))
<BR><BR>[Stack]<UL><LI>Max Depth = 12<LI>Call Chain = strstr
</UL>
<BR>[Called By]<UL><LI><a href="#[47a]">&gt;&gt;</a>&nbsp;&nbsp;&nbsp;sim900a_status_check
<LI><a href="#[478]">&gt;&gt;</a>&nbsp;&nbsp;&nbsp;sim900a_cmsgin_check
<LI><a href="#[45e]">&gt;&gt;</a>&nbsp;&nbsp;&nbsp;sim900a_check_cmd
<LI><a href="#[30b]">&gt;&gt;</a>&nbsp;&nbsp;&nbsp;app_muti_remind_msg
<LI><a href="#[3ec]">&gt;&gt;</a>&nbsp;&nbsp;&nbsp;filelistbox_show_path
<LI><a href="#[48c]">&gt;&gt;</a>&nbsp;&nbsp;&nbsp;sms_read_sms
<LI><a href="#[486]">&gt;&gt;</a>&nbsp;&nbsp;&nbsp;sms_get_smsnum
</UL>

<P><STRONG><a name="[446]"></a>memcmp</STRONG> (Thumb, 88 bytes, Stack size 8 bytes, memcmp.o(.text))
<BR><BR>[Stack]<UL><LI>Max Depth = 8<LI>Call Chain = memcmp
</UL>
<BR>[Called By]<UL><LI><a href="#[398]">&gt;&gt;</a>&nbsp;&nbsp;&nbsp;mpu_load_firmware
</UL>

<P><STRONG><a name="[30e]"></a>strcpy</STRONG> (Thumb, 72 bytes, Stack size 12 bytes, strcpy.o(.text))
<BR><BR>[Stack]<UL><LI>Max Depth = 12<LI>Call Chain = strcpy
</UL>
<BR>[Called By]<UL><LI><a href="#[4aa]">&gt;&gt;</a>&nbsp;&nbsp;&nbsp;update_font
<LI><a href="#[428]">&gt;&gt;</a>&nbsp;&nbsp;&nbsp;sms_play
<LI><a href="#[478]">&gt;&gt;</a>&nbsp;&nbsp;&nbsp;sim900a_cmsgin_check
<LI><a href="#[367]">&gt;&gt;</a>&nbsp;&nbsp;&nbsp;camera_play
<LI><a href="#[41c]">&gt;&gt;</a>&nbsp;&nbsp;&nbsp;system_init
<LI><a href="#[2e9]">&gt;&gt;</a>&nbsp;&nbsp;&nbsp;f_typetell
<LI><a href="#[42d]">&gt;&gt;</a>&nbsp;&nbsp;&nbsp;memo_add_text
<LI><a href="#[49f]">&gt;&gt;</a>&nbsp;&nbsp;&nbsp;sysset_system_info
<LI><a href="#[4a1]">&gt;&gt;</a>&nbsp;&nbsp;&nbsp;sysset_system_about
<LI><a href="#[3af]">&gt;&gt;</a>&nbsp;&nbsp;&nbsp;gui_path_name
<LI><a href="#[321]">&gt;&gt;</a>&nbsp;&nbsp;&nbsp;app_system_file_chgdisk
<LI><a href="#[30b]">&gt;&gt;</a>&nbsp;&nbsp;&nbsp;app_muti_remind_msg
<LI><a href="#[3ea]">&gt;&gt;</a>&nbsp;&nbsp;&nbsp;filelistbox_show_info
<LI><a href="#[3e8]">&gt;&gt;</a>&nbsp;&nbsp;&nbsp;filelistbox_check_filelist
<LI><a href="#[3e3]">&gt;&gt;</a>&nbsp;&nbsp;&nbsp;filelistbox_addlist
<LI><a href="#[3b4]">&gt;&gt;</a>&nbsp;&nbsp;&nbsp;edit_add_text
<LI><a href="#[48d]">&gt;&gt;</a>&nbsp;&nbsp;&nbsp;sms_send_sms
<LI><a href="#[48c]">&gt;&gt;</a>&nbsp;&nbsp;&nbsp;sms_read_sms
<LI><a href="#[482]">&gt;&gt;</a>&nbsp;&nbsp;&nbsp;sms_delete_sms
<LI><a href="#[99]">&gt;&gt;</a>&nbsp;&nbsp;&nbsp;phone_incall_task
<LI><a href="#[34f]">&gt;&gt;</a>&nbsp;&nbsp;&nbsp;calc_show_res
<LI><a href="#[4bb]">&gt;&gt;</a>&nbsp;&nbsp;&nbsp;t9_hbtn_process
</UL>

<P><STRONG><a name="[30d]"></a>strlen</STRONG> (Thumb, 62 bytes, Stack size 8 bytes, strlen.o(.text))
<BR><BR>[Stack]<UL><LI>Max Depth = 8<LI>Call Chain = strlen
</UL>
<BR>[Called By]<UL><LI><a href="#[421]">&gt;&gt;</a>&nbsp;&nbsp;&nbsp;picviewer_play
<LI><a href="#[424]">&gt;&gt;</a>&nbsp;&nbsp;&nbsp;paint_play
<LI><a href="#[423]">&gt;&gt;</a>&nbsp;&nbsp;&nbsp;notepad_play
<LI><a href="#[3c1]">&gt;&gt;</a>&nbsp;&nbsp;&nbsp;exe_play
<LI><a href="#[3a2]">&gt;&gt;</a>&nbsp;&nbsp;&nbsp;ebook_play
<LI><a href="#[466]">&gt;&gt;</a>&nbsp;&nbsp;&nbsp;u3_printf
<LI><a href="#[329]">&gt;&gt;</a>&nbsp;&nbsp;&nbsp;exf_fdsize
<LI><a href="#[32b]">&gt;&gt;</a>&nbsp;&nbsp;&nbsp;exf_fdcopy
[...]
<BR>[Calls]<UL><LI><a href="#[37a]">&gt;&gt;</a>&nbsp;&nbsp;&nbsp;dir_sdi
<LI><a href="#[36c]">&gt;&gt;</a>&nbsp;&nbsp;&nbsp;move_window
<LI><a href="#[375]">&gt;&gt;</a>&nbsp;&nbsp;&nbsp;mem_set
<LI><a href="#[37b]">&gt;&gt;</a>&nbsp;&nbsp;&nbsp;dir_next
</UL>
<BR>[Called By]<UL><LI><a href="#[3e1]">&gt;&gt;</a>&nbsp;&nbsp;&nbsp;f_unlink
<LI><a href="#[3de]">&gt;&gt;</a>&nbsp;&nbsp;&nbsp;f_rename
</UL>

<P><STRONG><a name="[3cf]"></a>find_volume</STRONG> (Thumb, 684 bytes, Stack size 48 bytes, ff.o(i.find_volume))
<BR><BR>[Stack]<UL><LI>Max Depth = 344 + Unknown Stack Size
<LI>Call Chain = find_volume &rArr; check_fs &rArr; move_window &rArr; sync_window &rArr; disk_write &rArr; SD_WriteDisk &rArr; SD_WriteMultiBlocks &rArr; SD_Init &rArr; SD_EnableWideBusOperation &rArr; SDEnWideBus &rArr; FindSCR &rArr; CmdResp1Error
</UL>
<BR>[Calls]<UL><LI><a href="#[3ac]">&gt;&gt;</a>&nbsp;&nbsp;&nbsp;ff_enter
<LI><a href="#[3f1]">&gt;&gt;</a>&nbsp;&nbsp;&nbsp;disk_status
<LI><a href="#[385]">&gt;&gt;</a>&nbsp;&nbsp;&nbsp;disk_initialize
<LI><a href="#[36c]">&gt;&gt;</a>&nbsp;&nbsp;&nbsp;move_window
<LI><a href="#[3da]">&gt;&gt;</a>&nbsp;&nbsp;&nbsp;get_ldnumber
<LI><a href="#[36b]">&gt;&gt;</a>&nbsp;&nbsp;&nbsp;check_fs
</UL>
<BR>[Called By]<UL><LI><a href="#[3df]">&gt;&gt;</a>&nbsp;&nbsp;&nbsp;f_setlabel
<LI><a href="#[3db]">&gt;&gt;</a>&nbsp;&nbsp;&nbsp;f_mount
<LI><a href="#[3e1]">&gt;&gt;</a>&nbsp;&nbsp;&nbsp;f_unlink
<LI><a href="#[3de]">&gt;&gt;</a>&nbsp;&nbsp;&nbsp;f_rename
<LI><a href="#[3ab]">&gt;&gt;</a>&nbsp;&nbsp;&nbsp;f_opendir
<LI><a href="#[322]">&gt;&gt;</a>&nbsp;&nbsp;&nbsp;f_open
<LI><a href="#[32a]">&gt;&gt;</a>&nbsp;&nbsp;&nbsp;f_mkdir
<LI><a href="#[3d0]">&gt;&gt;</a>&nbsp;&nbsp;&nbsp;f_getlabel
<LI><a href="#[3ca]">&gt;&gt;</a>&nbsp;&nbsp;&nbsp;f_getfree
</UL>

<P><STRONG><a name="[3d4]"></a>follow_path</STRONG> (Thumb, 102 bytes, Stack size 24 bytes, ff.o(i.follow_path))
<BR><BR>[Stack]<UL><LI>Max Depth = 432 + Unknown Stack Size
<LI>Call Chain = follow_path &rArr; dir_find &rArr; dir_next &rArr; create_chain &rArr; put_fat &rArr; move_window &rArr; sync_window &rArr; disk_write &rArr; SD_WriteDisk &rArr; SD_WriteMultiBlocks &rArr; SD_Init &rArr; SD_EnableWideBusOperation &rArr; SDEnWideBus &rArr; FindSCR &rArr; CmdResp1Error
</UL>
<BR>[Calls]<UL><LI><a href="#[37a]">&gt;&gt;</a>&nbsp;&nbsp;&nbsp;dir_sdi
<LI><a href="#[3dc]">&gt;&gt;</a>&nbsp;&nbsp;&nbsp;ld_clust
<LI><a href="#[37c]">&gt;&gt;</a>&nbsp;&nbsp;&nbsp;dir_find
<LI><a href="#[372]">&gt;&gt;</a>&nbsp;&nbsp;&nbsp;create_name
</UL>
<BR>[Called By]<UL><LI><a href="#[3e1]">&gt;&gt;</a>&nbsp;&nbsp;&nbsp;f_unlink
<LI><a href="#[3de]">&gt;&gt;</a>&nbsp;&nbsp;&nbsp;f_rename
<LI><a href="#[3ab]">&gt;&gt;</a>&nbsp;&nbsp;&nbsp;f_opendir
<LI><a href="#[322]">&gt;&gt;</a>&nbsp;&nbsp;&nbsp;f_open
<LI><a href="#[32a]">&gt;&gt;</a>&nbsp;&nbsp;&nbsp;f_mkdir
</UL>

<P><STRONG><a name="[383]"></a>gen_numname</STRONG> (Thumb, 134 bytes, Stack size 24 bytes, ff.o(i.gen_numname))
<BR><BR>[Stack]<UL><LI>Max Depth = 24<LI>Call Chain = gen_numname
</UL>
<BR>[Calls]<UL><LI><a href="#[382]">&gt;&gt;</a>&nbsp;&nbsp;&nbsp;mem_cpy
</UL>
<BR>[Called By]<UL><LI><a href="#[381]">&gt;&gt;</a>&nbsp;&nbsp;&nbsp;dir_register
</UL>

<P><STRONG><a name="[3dd]"></a>get_fileinfo</STRONG> (Thumb, 204 bytes, Stack size 24 bytes, ff.o(i.get_fileinfo))
<BR><BR>[Stack]<UL><LI>Max Depth = 104 + Unknown Stack Size
<LI>Call Chain = get_fileinfo &rArr; ff_convert &rArr; W25QXX_Read &rArr; SPI2_ReadWriteByte
</UL>
<BR>[Calls]<UL><LI><a href="#[373]">&gt;&gt;</a>&nbsp;&nbsp;&nbsp;ff_convert
</UL>
<BR>[Called By]<UL><LI><a href="#[3ae]">&gt;&gt;</a>&nbsp;&nbsp;&nbsp;f_readdir
</UL>

<P><STRONG><a name="[3da]"></a>get_ldnumber</STRONG> (Thumb, 60 bytes, Stack size 8 bytes, ff.o(i.get_ldnumber))
<BR><BR>[Stack]<UL><LI>Max Depth = 8<LI>Call Chain = get_ldnumber
</UL>
<BR>[Called By]<UL><LI><a href="#[3db]">&gt;&gt;</a>&nbsp;&nbsp;&nbsp;f_mount
<LI><a href="#[3d9]">&gt;&gt;</a>&nbsp;&nbsp;&nbsp;f_mkfs
<LI><a href="#[3de]">&gt;&gt;</a>&nbsp;&nbsp;&nbsp;f_rename
<LI><a href="#[3cf]">&gt;&gt;</a>&nbsp;&nbsp;&nbsp;find_volume
</UL>

<P><STRONG><a name="[3dc]"></a>ld_clust</STRONG> (Thumb, 18 bytes, Stack size 0 bytes, ff.o(i.ld_clust))
<BR><BR>[Called By]<UL><LI><a href="#[3e1]">&gt;&gt;</a>&nbsp;&nbsp;&nbsp;f_unlink
<LI><a href="#[3de]">&gt;&gt;</a>&nbsp;&nbsp;&nbsp;f_rename
<LI><a href="#[3ab]">&gt;&gt;</a>&nbsp;&nbsp;&nbsp;f_opendir
<LI><a href="#[322]">&gt;&gt;</a>&nbsp;&nbsp;&nbsp;f_open
<LI><a href="#[3d4]">&gt;&gt;</a>&nbsp;&nbsp;&nbsp;follow_path
</UL>

<P><STRONG><a name="[382]"></a>mem_cpy</STRONG> (Thumb, 16 bytes, Stack size 0 bytes, ff.o(i.mem_cpy))
<BR><BR>[Called By]<UL><LI><a href="#[3df]">&gt;&gt;</a>&nbsp;&nbsp;&nbsp;f_setlabel
<LI><a href="#[3d9]">&gt;&gt;</a>&nbsp;&nbsp;&nbsp;f_mkfs
<LI><a href="#[33c]">&gt;&gt;</a>&nbsp;&nbsp;&nbsp;f_write
<LI><a href="#[3e1]">&gt;&gt;</a>&nbsp;&nbsp;&nbsp;f_unlink
<LI><a href="#[3de]">&gt;&gt;</a>&nbsp;&nbsp;&nbsp;f_rename
<LI><a href="#[35a]">&gt;&gt;</a>&nbsp;&nbsp;&nbsp;f_read
<LI><a href="#[32a]">&gt;&gt;</a>&nbsp;&nbsp;&nbsp;f_mkdir
<LI><a href="#[3d0]">&gt;&gt;</a>&nbsp;&nbsp;&nbsp;f_getlabel
<LI><a href="#[383]">&gt;&gt;</a>&nbsp;&nbsp;&nbsp;gen_numname
<LI><a href="#[381]">&gt;&gt;</a>&nbsp;&nbsp;&nbsp;dir_register
</UL>

<P><STRONG><a name="[375]"></a>mem_set</STRONG> (Thumb, 14 bytes, Stack size 0 bytes, ff.o(i.mem_set))
<BR><BR>[Called By]<UL><LI><a href="#[3df]">&gt;&gt;</a>&nbsp;&nbsp;&nbsp;f_setlabel
<LI><a href="#[3d9]">&gt;&gt;</a>&nbsp;&nbsp;&nbsp;f_mkfs
<LI><a href="#[32a]">&gt;&gt;</a>&nbsp;&nbsp;&nbsp;f_mkdir
<LI><a href="#[3d7]">&gt;&gt;</a>&nbsp;&nbsp;&nbsp;sync_fs
<LI><a href="#[384]">&gt;&gt;</a>&nbsp;&nbsp;&nbsp;dir_remove
<LI><a href="#[381]">&gt;&gt;</a>&nbsp;&nbsp;&nbsp;dir_register
<LI><a href="#[37b]">&gt;&gt;</a>&nbsp;&nbsp;&nbsp;dir_next
<LI><a href="#[372]">&gt;&gt;</a>&nbsp;&nbsp;&nbsp;create_name
</UL>

<P><STRONG><a name="[36c]"></a>move_window</STRONG> (Thumb, 50 bytes, Stack size 16 bytes, ff.o(i.move_window))
<BR><BR>[Stack]<UL><LI>Max Depth = 288 + Unknown Stack Size
<LI>Call Chain = move_window &rArr; sync_window &rArr; disk_write &rArr; SD_WriteDisk &rArr; SD_WriteMultiBlocks &rArr; SD_Init &rArr; SD_EnableWideBusOperation &rArr; SDEnWideBus &rArr; FindSCR &rArr; CmdResp1Error
</UL>
<BR>[Calls]<UL><LI><a href="#[387]">&gt;&gt;</a>&nbsp;&nbsp;&nbsp;disk_read
<LI><a href="#[37e]">&gt;&gt;</a>&nbsp;&nbsp;&nbsp;sync_window
</UL>
<BR>[Called By]<UL><LI><a href="#[36f]">&gt;&gt;</a>&nbsp;&nbsp;&nbsp;put_fat
<LI><a href="#[36e]">&gt;&gt;</a>&nbsp;&nbsp;&nbsp;get_fat
<LI><a href="#[3cc]">&gt;&gt;</a>&nbsp;&nbsp;&nbsp;f_sync
<LI><a href="#[3de]">&gt;&gt;</a>&nbsp;&nbsp;&nbsp;f_rename
<LI><a href="#[322]">&gt;&gt;</a>&nbsp;&nbsp;&nbsp;f_open
<LI><a href="#[3d0]">&gt;&gt;</a>&nbsp;&nbsp;&nbsp;f_getlabel
<LI><a href="#[3ca]">&gt;&gt;</a>&nbsp;&nbsp;&nbsp;f_getfree
<LI><a href="#[3cf]">&gt;&gt;</a>&nbsp;&nbsp;&nbsp;find_volume
<LI><a href="#[384]">&gt;&gt;</a>&nbsp;&nbsp;&nbsp;dir_remove
<LI><a href="#[381]">&gt;&gt;</a>&nbsp;&nbsp;&nbsp;dir_register
<LI><a href="#[380]">&gt;&gt;</a>&nbsp;&nbsp;&nbsp;dir_read
<LI><a href="#[37c]">&gt;&gt;</a>&nbsp;&nbsp;&nbsp;dir_find
<LI><a href="#[379]">&gt;&gt;</a>&nbsp;&nbsp;&nbsp;dir_alloc
<LI><a href="#[36b]">&gt;&gt;</a>&nbsp;&nbsp;&nbsp;check_fs
</UL>

<P><STRONG><a name="[3d6]"></a>remove_chain</STRONG> (Thumb, 98 bytes, Stack size 24 bytes, ff.o(i.remove_chain))
<BR><BR>[Stack]<UL><LI>Max Depth = 344 + Unknown Stack Size
<LI>Call Chain = remove_chain &rArr; put_fat &rArr; move_window &rArr; sync_window &rArr; disk_write &rArr; SD_WriteDisk &rArr; SD_WriteMultiBlocks &rArr; SD_Init &rArr; SD_EnableWideBusOperation &rArr; SDEnWideBus &rArr; FindSCR &rArr; CmdResp1Error
</UL>
<BR>[Calls]<UL><LI><a href="#[36f]">&gt;&gt;</a>&nbsp;&nbsp;&nbsp;put_fat
<LI><a href="#[36e]">&gt;&gt;</a>&nbsp;&nbsp;&nbsp;get_fat
</UL>
<BR>[Called By]<UL><LI><a href="#[3e1]">&gt;&gt;</a>&nbsp;&nbsp;&nbsp;f_unlink
<LI><a href="#[322]">&gt;&gt;</a>&nbsp;&nbsp;&nbsp;f_open
<LI><a href="#[32a]">&gt;&gt;</a>&nbsp;&nbsp;&nbsp;f_mkdir
</UL>

<P><STRONG><a name="[3d5]"></a>st_clust</STRONG> (Thumb, 16 bytes, Stack size 0 bytes, ff.o(i.st_clust))
<BR><BR>[Called By]<UL><LI><a href="#[3cc]">&gt;&gt;</a>&nbsp;&nbsp;&nbsp;f_sync
<LI><a href="#[3de]">&gt;&gt;</a>&nbsp;&nbsp;&nbsp;f_rename
<LI><a href="#[322]">&gt;&gt;</a>&nbsp;&nbsp;&nbsp;f_open
<LI><a href="#[32a]">&gt;&gt;</a>&nbsp;&nbsp;&nbsp;f_mkdir
</UL>

<P><STRONG><a name="[37d]"></a>sum_sfn</STRONG> (Thumb, 26 bytes, Stack size 0 bytes, ff.o(i.sum_sfn))
<BR><BR>[Called By]<UL><LI><a href="#[381]">&gt;&gt;</a>&nbsp;&nbsp;&nbsp;dir_register
<LI><a href="#[380]">&gt;&gt;</a>&nbsp;&nbsp;&nbsp;dir_read
<LI><a href="#[37c]">&gt;&gt;</a>&nbsp;&nbsp;&nbsp;dir_find
</UL>

<P><STRONG><a name="[3d7]"></a>sync_fs</STRONG> (Thumb, 176 bytes, Stack size 16 bytes, ff.o(i.sync_fs))
<BR><BR>[Stack]<UL><LI>Max Depth = 288 + Unknown Stack Size
<LI>Call Chain = sync_fs &rArr; sync_window &rArr; disk_write &rArr; SD_WriteDisk &rArr; SD_WriteMultiBlocks &rArr; SD_Init &rArr; SD_EnableWideBusOperation &rArr; SDEnWideBus &rArr; FindSCR &rArr; CmdResp1Error
</UL>
<BR>[Calls]<UL><LI><a href="#[388]">&gt;&gt;</a>&nbsp;&nbsp;&nbsp;disk_write
<LI><a href="#[386]">&gt;&gt;</a>&nbsp;&nbsp;&nbsp;disk_ioctl
<LI><a href="#[37e]">&gt;&gt;</a>&nbsp;&nbsp;&nbsp;sync_window
<LI><a href="#[375]">&gt;&gt;</a>&nbsp;&nbsp;&nbsp;mem_set
</UL>
<BR>[Called By]<UL><LI><a href="#[3df]">&gt;&gt;</a>&nbsp;&nbsp;&nbsp;f_setlabel
<LI><a href="#[3e1]">&gt;&gt;</a>&nbsp;&nbsp;&nbsp;f_unlink
<LI><a href="#[3cc]">&gt;&gt;</a>&nbsp;&nbsp;&nbsp;f_sync
<LI><a href="#[3de]">&gt;&gt;</a>&nbsp;&nbsp;&nbsp;f_rename
<LI><a href="#[32a]">&gt;&gt;</a>&nbsp;&nbsp;&nbsp;f_mkdir
</UL>

<P><STRONG><a name="[37e]"></a>sync_window</STRONG> (Thumb, 82 bytes, Stack size 24 bytes, ff.o(i.sync_window))
<BR><BR>[Stack]<UL><LI>Max Depth = 272 + Unknown Stack Size
<LI>Call Chain = sync_window &rArr; disk_write &rArr; SD_WriteDisk &rArr; SD_WriteMultiBlocks &rArr; SD_Init &rArr; SD_EnableWideBusOperation &rArr; SDEnWideBus &rArr; FindSCR &rArr; CmdResp1Error
</UL>
<BR>[Calls]<UL><LI><a href="#[388]">&gt;&gt;</a>&nbsp;&nbsp;&nbsp;disk_write
</UL>
<BR>[Called By]<UL><LI><a href="#[32a]">&gt;&gt;</a>&nbsp;&nbsp;&nbsp;f_mkdir
<LI><a href="#[3d7]">&gt;&gt;</a>&nbsp;&nbsp;&nbsp;sync_fs
<LI><a href="#[36c]">&gt;&gt;</a>&nbsp;&nbsp;&nbsp;move_window
<LI><a href="#[37b]">&gt;&gt;</a>&nbsp;&nbsp;&nbsp;dir_next
</UL>

<P><STRONG><a name="[3cd]"></a>validate</STRONG> (Thumb, 46 bytes, Stack size 8 bytes, ff.o(i.validate))
<BR><BR>[Stack]<UL><LI>Max Depth = 160 + Unknown Stack Size
<LI>Call Chain = validate &rArr; ff_enter &rArr; __2printf &rArr; _printf_char_file &rArr; _printf_char_common &rArr; __printf
</UL>
<BR>[Calls]<UL><LI><a href="#[3ac]">&gt;&gt;</a>&nbsp;&nbsp;&nbsp;ff_enter
<LI><a href="#[3f1]">&gt;&gt;</a>&nbsp;&nbsp;&nbsp;disk_status
</UL>
<BR>[Called By]<UL><LI><a href="#[33c]">&gt;&gt;</a>&nbsp;&nbsp;&nbsp;f_write
<LI><a href="#[3cc]">&gt;&gt;</a>&nbsp;&nbsp;&nbsp;f_sync
<LI><a href="#[3ae]">&gt;&gt;</a>&nbsp;&nbsp;&nbsp;f_readdir
<LI><a href="#[35a]">&gt;&gt;</a>&nbsp;&nbsp;&nbsp;f_read
<LI><a href="#[3c2]">&gt;&gt;</a>&nbsp;&nbsp;&nbsp;f_lseek
<LI><a href="#[3ce]">&gt;&gt;</a>&nbsp;&nbsp;&nbsp;f_closedir
<LI><a href="#[323]">&gt;&gt;</a>&nbsp;&nbsp;&nbsp;f_close
</UL>

<P><STRONG><a name="[371]"></a>alloc_pool</STRONG> (Thumb, 28 bytes, Stack size 0 bytes, tjpgd.o(i.alloc_pool))
<BR><BR>[Called By]<UL><LI><a href="#[416]">&gt;&gt;</a>&nbsp;&nbsp;&nbsp;jd_prepare
<LI><a href="#[370]">&gt;&gt;</a>&nbsp;&nbsp;&nbsp;create_huffman_tbl
</UL>

<P><STRONG><a name="[42b]"></a>bitext</STRONG> (Thumb, 122 bytes, Stack size 32 bytes, tjpgd.o(i.bitext))
<BR><BR>[Stack]<UL><LI>Max Depth = 32<LI>Call Chain = bitext
</UL>
<BR>[Called By]<UL><LI><a href="#[414]">&gt;&gt;</a>&nbsp;&nbsp;&nbsp;mcu_load
</UL>

<P><STRONG><a name="[42c]"></a>block_idct</STRONG> (Thumb, 478 bytes, Stack size 36 bytes, tjpgd.o(i.block_idct))
<BR><BR>[Stack]<UL><LI>Max Depth = 36<LI>Call Chain = block_idct
</UL>
<BR>[Called By]<UL><LI><a href="#[414]">&gt;&gt;</a>&nbsp;&nbsp;&nbsp;mcu_load
</UL>

<P><STRONG><a name="[370]"></a>create_huffman_tbl</STRONG> (Thumb, 202 bytes, Stack size 48 bytes, tjpgd.o(i.create_huffman_tbl))
<BR><BR>[Stack]<UL><LI>Max Depth = 48<LI>Call Chain = create_huffman_tbl
</UL>
<BR>[Calls]<UL><LI><a href="#[371]">&gt;&gt;</a>&nbsp;&nbsp;&nbsp;alloc_pool
</UL>
<BR>[Called By]<UL><LI><a href="#[416]">&gt;&gt;</a>&nbsp;&nbsp;&nbsp;jd_prepare
</UL>

<P><STRONG><a name="[42a]"></a>huffext</STRONG> (Thumb, 162 bytes, Stack size 56 bytes, tjpgd.o(i.huffext))
<BR><BR>[Stack]<UL><LI>Max Depth = 56<LI>Call Chain = huffext
</UL>
<BR>[Called By]<UL><LI><a href="#[414]">&gt;&gt;</a>&nbsp;&nbsp;&nbsp;mcu_load
</UL>

<P><STRONG><a name="[414]"></a>mcu_load</STRONG> (Thumb, 340 bytes, Stack size 56 bytes, tjpgd.o(i.mcu_load))
<BR><BR>[Stack]<UL><LI>Max Depth = 112<LI>Call Chain = mcu_load &rArr; huffext
</UL>
<BR>[Calls]<UL><LI><a href="#[42a]">&gt;&gt;</a>&nbsp;&nbsp;&nbsp;huffext
<LI><a href="#[42c]">&gt;&gt;</a>&nbsp;&nbsp;&nbsp;block_idct
<LI><a href="#[42b]">&gt;&gt;</a>&nbsp;&nbsp;&nbsp;bitext
</UL>
<BR>[Called By]<UL><LI><a href="#[413]">&gt;&gt;</a>&nbsp;&nbsp;&nbsp;jd_decomp
</UL>

<P><STRONG><a name="[415]"></a>mcu_output</STRONG> (Thumb, 770 bytes, Stack size 80 bytes, tjpgd.o(i.mcu_output))
<BR><BR>[Stack]<UL><LI>Max Depth = 80<LI>Call Chain = mcu_output
</UL>
<BR>[Called By]<UL><LI><a href="#[413]">&gt;&gt;</a>&nbsp;&nbsp;&nbsp;jd_decomp
</UL>

<P><STRONG><a name="[214]"></a>OS_InitEventList</STRONG> (Thumb, 76 bytes, Stack size 8 bytes, os_core.o(i.OS_InitEventList))
<BR><BR>[Stack]<UL><LI>Max Depth = 8<LI>Call Chain = OS_InitEventList
</UL>
<BR>[Calls]<UL><LI><a href="#[233]">&gt;&gt;</a>&nbsp;&nbsp;&nbsp;OS_MemClr
</UL>
<BR>[Called By]<UL><LI><a href="#[211]">&gt;&gt;</a>&nbsp;&nbsp;&nbsp;OSInit
</UL>

<P><STRONG><a name="[213]"></a>OS_InitTCBList</STRONG> (Thumb, 96 bytes, Stack size 4 bytes, os_core.o(i.OS_InitTCBList))
<BR><BR>[Stack]<UL><LI>Max Depth = 4<LI>Call Chain = OS_InitTCBList
</UL>
<BR>[Calls]<UL><LI><a href="#[233]">&gt;&gt;</a>&nbsp;&nbsp;&nbsp;OS_MemClr
</UL>
<BR>[Called By]<UL><LI><a href="#[211]">&gt;&gt;</a>&nbsp;&nbsp;&nbsp;OSInit
</UL>

<P><STRONG><a name="[21b]"></a>OS_SchedNew</STRONG> (Thumb, 24 bytes, Stack size 0 bytes, os_core.o(i.OS_SchedNew))
<BR><BR>[Called By]<UL><LI><a href="#[197]">&gt;&gt;</a>&nbsp;&nbsp;&nbsp;OSIntExit
<LI><a href="#[221]">&gt;&gt;</a>&nbsp;&nbsp;&nbsp;OSStart
<LI><a href="#[220]">&gt;&gt;</a>&nbsp;&nbsp;&nbsp;OS_Sched
</UL>

<P><STRONG><a name="[186]"></a>DataStageIn</STRONG> (Thumb, 156 bytes, Stack size 32 bytes, usb_core.o(i.DataStageIn))
<BR><BR>[Stack]<UL><LI>Max Depth = 40<LI>Call Chain = DataStageIn &rArr; UserToPMABufferCopy
</UL>
<BR>[Calls]<UL><LI><a href="#[188]">&gt;&gt;</a>&nbsp;&nbsp;&nbsp;UserToPMABufferCopy
<LI><a href="#[189]">&gt;&gt;</a>&nbsp;&nbsp;&nbsp;SetEPTxCount
<LI><a href="#[187]">&gt;&gt;</a>&nbsp;&nbsp;&nbsp;GetEPTxAddr
</UL>
<BR>[Called By]<UL><LI><a href="#[167]">&gt;&gt;</a>&nbsp;&nbsp;&nbsp;In0_Process
<LI><a href="#[18d]">&gt;&gt;</a>&nbsp;&nbsp;&nbsp;Data_Setup0
</UL>

<P><STRONG><a name="[18a]"></a>DataStageOut</STRONG> (Thumb, 142 bytes, Stack size 32 bytes, usb_core.o(i.DataStageOut))
<BR><BR>[Stack]<UL><LI>Max Depth = 32<LI>Call Chain = DataStageOut
</UL>
<BR>[Calls]<UL><LI><a href="#[189]">&gt;&gt;</a>&nbsp;&nbsp;&nbsp;SetEPTxCount
<LI><a href="#[18c]">&gt;&gt;</a>&nbsp;&nbsp;&nbsp;PMAToUserBufferCopy
<LI><a href="#[18b]">&gt;&gt;</a>&nbsp;&nbsp;&nbsp;GetEPRxAddr
</UL>
<BR>[Called By]<UL><LI><a href="#[169]">&gt;&gt;</a>&nbsp;&nbsp;&nbsp;Out0_Process
</UL>

<P><STRONG><a name="[18d]"></a>Data_Setup0</STRONG> (Thumb, 376 bytes, Stack size 24 bytes, usb_core.o(i.Data_Setup0))
<BR><BR>[Stack]<UL><LI>Max Depth = 64<LI>Call Chain = Data_Setup0 &rArr; DataStageIn &rArr; UserToPMABufferCopy
</UL>
<BR>[Calls]<UL><LI><a href="#[186]">&gt;&gt;</a>&nbsp;&nbsp;&nbsp;DataStageIn
</UL>
<BR>[Called By]<UL><LI><a href="#[168]">&gt;&gt;</a>&nbsp;&nbsp;&nbsp;Setup0_Process
</UL>

<P><STRONG><a name="[20b]"></a>NoData_Setup0</STRONG> (Thumb, 190 bytes, Stack size 16 bytes, usb_core.o(i.NoData_Setup0))
<BR><BR>[Stack]<UL><LI>Max Depth = 40<LI>Call Chain = NoData_Setup0 &rArr; Standard_ClearFeature
</UL>
<BR>[Calls]<UL><LI><a href="#[20e]">&gt;&gt;</a>&nbsp;&nbsp;&nbsp;Standard_SetInterface
<LI><a href="#[210]">&gt;&gt;</a>&nbsp;&nbsp;&nbsp;Standard_SetEndPointFeature
<LI><a href="#[20d]">&gt;&gt;</a>&nbsp;&nbsp;&nbsp;Standard_SetDeviceFeature
<LI><a href="#[20c]">&gt;&gt;</a>&nbsp;&nbsp;&nbsp;Standard_SetConfiguration
<LI><a href="#[20f]">&gt;&gt;</a>&nbsp;&nbsp;&nbsp;Standard_ClearFeature
</UL>
<BR>[Called By]<UL><LI><a href="#[168]">&gt;&gt;</a>&nbsp;&nbsp;&nbsp;Setup0_Process
</UL>

<P><STRONG><a name="[4eb]"></a>_dadd1</STRONG> (Thumb, 0 bytes, Stack size unknown bytes, daddsub_clz.o(x$fpl$dadd), UNUSED)
<BR><BR>[Called By]<UL><LI><a href="#[4ec]">&gt;&gt;</a>&nbsp;&nbsp;&nbsp;_dsub
<LI><a href="#[4ea]">&gt;&gt;</a>&nbsp;&nbsp;&nbsp;_drsb
</UL>

<P><STRONG><a name="[4dd]"></a>_dsub1</STRONG> (Thumb, 0 bytes, Stack size unknown bytes, daddsub_clz.o(x$fpl$dsub), UNUSED)
<BR><BR>[Called By]<UL><LI><a href="#[4ea]">&gt;&gt;</a>&nbsp;&nbsp;&nbsp;_drsb
<LI><a href="#[4dc]">&gt;&gt;</a>&nbsp;&nbsp;&nbsp;_dadd
</UL>

<P><STRONG><a name="[4fa]"></a>_fadd1</STRONG> (Thumb, 0 bytes, Stack size unknown bytes, faddsub_clz.o(x$fpl$fadd), UNUSED)
<BR><BR>[Called By]<UL><LI><a href="#[4fb]">&gt;&gt;</a>&nbsp;&nbsp;&nbsp;_fsub
<LI><a href="#[4f9]">&gt;&gt;</a>&nbsp;&nbsp;&nbsp;_frsb
</UL>

<P><STRONG><a name="[4f0]"></a>_fsub1</STRONG> (Thumb, 0 bytes, Stack size unknown bytes, faddsub_clz.o(x$fpl$fsub), UNUSED)
<BR><BR>[Called By]<UL><LI><a href="#[4f9]">&gt;&gt;</a>&nbsp;&nbsp;&nbsp;_frsb
<LI><a href="#[4ef]">&gt;&gt;</a>&nbsp;&nbsp;&nbsp;_fadd
</UL>

<P><STRONG><a name="[10d]"></a>_fp_digits</STRONG> (Thumb, 432 bytes, Stack size 96 bytes, _printf_fp_dec.o(.text))
<BR><BR>[Stack]<UL><LI>Max Depth = 220<LI>Call Chain = _fp_digits &rArr; _btod_etento &rArr; _btod_emul &rArr; _e2e
</UL>
<BR>[Calls]<UL><LI><a href="#[111]">&gt;&gt;</a>&nbsp;&nbsp;&nbsp;_btod_emul
<LI><a href="#[110]">&gt;&gt;</a>&nbsp;&nbsp;&nbsp;_btod_ediv
<LI><a href="#[10f]">&gt;&gt;</a>&nbsp;&nbsp;&nbsp;_btod_d2e
<LI><a href="#[10e]">&gt;&gt;</a>&nbsp;&nbsp;&nbsp;_btod_etento
<LI><a href="#[112]">&gt;&gt;</a>&nbsp;&nbsp;&nbsp;_ll_udiv10
</UL>
<BR>[Called By]<UL><LI><a href="#[113]">&gt;&gt;</a>&nbsp;&nbsp;&nbsp;_printf_fp_dec_real
</UL>

<P><STRONG><a name="[82]"></a>_printf_input_char</STRONG> (Thumb, 10 bytes, Stack size 0 bytes, _printf_char_common.o(.text))
<BR>[Address Reference Count : 1]<UL><LI> _printf_char_common.o(.text)
</UL>
<P><STRONG><a name="[11b]"></a>_local_sscanf</STRONG> (Thumb, 60 bytes, Stack size 56 bytes, strtod.o(.text))
<BR><BR>[Stack]<UL><LI>Max Depth = 396<LI>Call Chain = _local_sscanf &rArr; _scanf_real &rArr; _scanf_really_real &rArr; _fp_value &rArr; _btod_etento &rArr; _btod_emul &rArr; _e2e
</UL>
<BR>[Calls]<UL><LI><a href="#[11c]">&gt;&gt;</a>&nbsp;&nbsp;&nbsp;_scanf_real
</UL>
<BR>[Called By]<UL><LI><a href="#[11d]">&gt;&gt;</a>&nbsp;&nbsp;&nbsp;__strtod_int
</UL>

<P><STRONG><a name="[122]"></a>_fp_value</STRONG> (Thumb, 588 bytes, Stack size 96 bytes, scanf_fp.o(.text))
<BR><BR>[Stack]<UL><LI>Max Depth = 220<LI>Call Chain = _fp_value &rArr; _btod_etento &rArr; _btod_emul &rArr; _e2e
</UL>
<BR>[Calls]<UL><LI><a href="#[123]">&gt;&gt;</a>&nbsp;&nbsp;&nbsp;_btod_emuld
<LI><a href="#[124]">&gt;&gt;</a>&nbsp;&nbsp;&nbsp;_btod_edivd
<LI><a href="#[10e]">&gt;&gt;</a>&nbsp;&nbsp;&nbsp;_btod_etento
<LI><a href="#[10b]">&gt;&gt;</a>&nbsp;&nbsp;&nbsp;__aeabi_errno_addr
<LI><a href="#[1]">&gt;&gt;</a>&nbsp;&nbsp;&nbsp;__ieee_status
</UL>
<BR>[Called By]<UL><LI><a href="#[125]">&gt;&gt;</a>&nbsp;&nbsp;&nbsp;_scanf_really_real
</UL>
<P>
<H3>
Undefined Global Symbols
</H3><HR></body></html>
