<html>
<body>
<pre>
<h1>礦ision Build Log</h1>
<h2>Tool Versions:</h2>
IDE-Version: μVision V5.36.0.0
Copyright (C) 2021 ARM Ltd and ARM Germany GmbH. All rights reserved.
License Information: 11 oy, 134, LIC=VGXG8-3ACWN-637MB-2JHJ7-0FQ8C-BCIJL
 
Tool Versions:
Toolchain:       MDK-ARM Plus  Version: 5.14.0.0
Toolchain Path:  E:\MDK5\ARM\ARMCC\Bin
C Compiler:      Armcc.exe V5.05 update 1 (build 106)
Assembler:       Armasm.exe V5.05 update 1 (build 106)
Linker/Locator:  ArmLink.exe V5.05 update 1 (build 106)
Library Manager: ArmAr.exe V5.05 update 1 (build 106)
Hex Converter:   FromElf.exe V5.05 update 1 (build 106)
CPU DLL:         SARMCM3.DLL V5.14.0.0
Dialog DLL:      DARMSTM.DLL V1.65.0.0
Target DLL:      STLink\ST-LINKIII-KEIL_SWO.dll V2.0.14.0_KEIL
Dialog DLL:      TARMSTM.DLL V1.64.0.0
 
<h2>Project:</h2>
E:\欧大发\STM32\stm32f103zet6\标准例程-库函数版本\实验9 PWM输出实验\USER\PWM.uvprojx
Project File Date:  05/22/2022

<h2>Output:</h2>
*** Using Compiler 'V5.05 update 1 (build 106)', folder: 'E:\MDK5\ARM\ARMCC\Bin'
Build target 'PWM'
compiling key.c...
compiling delay.c...
compiling led.c...
compiling system_stm32f10x.c...
compiling timer.c...
compiling main.c...
compiling stm32f10x_it.c...
assembling startup_stm32f10x_hd.s...
compiling core_cm3.c...
compiling usart.c...
compiling misc.c...
compiling stm32f10x_gpio.c...
compiling stm32f10x_rcc.c...
compiling sys.c...
compiling stm32f10x_tim.c...
compiling stm32f10x_usart.c...
linking...
Program Size: Code=8456 RO-data=336 RW-data=52 ZI-data=1836  
FromELF: creating hex file...
"..\OBJ\PWM.axf" - 0 Error(s), 0 Warning(s).

<h2>Software Packages used:</h2>

Package Vendor: Keil
                http://www.keil.com/pack/Keil.STM32F1xx_DFP.1.0.5.pack
                Keil.STM32F1xx_DFP.1.0.5
                STMicroelectronics STM32F1 Series Device Support, Drivers and Examples

<h2>Collection of Component include folders:</h2>
  E:\MDK5\ARM\PACK\Keil\STM32F1xx_DFP\1.0.5\Device\Include

<h2>Collection of Component Files used:</h2>
Build Time Elapsed:  00:00:02
</pre>
</body>
</html>
